[debug] [2025-11-13T04:57:50.217Z] ----------------------------------------------------------------------
[debug] [2025-11-13T04:57:50.221Z] Command:       C:\Program Files\nodejs\node.exe C:\Users\PC\AppData\Roaming\npm\node_modules\firebase-tools\lib\bin\firebase.js deploy --only functions:api --debug
[debug] [2025-11-13T04:57:50.222Z] CLI Version:   14.24.1
[debug] [2025-11-13T04:57:50.222Z] Platform:      win32
[debug] [2025-11-13T04:57:50.222Z] Node Version:  v24.11.0
[debug] [2025-11-13T04:57:50.222Z] Time:          Thu Nov 13 2025 13:57:50 GMT+0900 (대한민국 표준시)
[debug] [2025-11-13T04:57:50.223Z] ----------------------------------------------------------------------
[debug] 
[debug] [2025-11-13T04:57:50.428Z] > command requires scopes: ["email","openid","https://www.googleapis.com/auth/cloudplatformprojects.readonly","https://www.googleapis.com/auth/firebase","https://www.googleapis.com/auth/cloud-platform"]
[debug] [2025-11-13T04:57:50.430Z] > authorizing via signed-in user (122cks@gmail.com)
[debug] [2025-11-13T04:57:50.431Z] [iam] checking project cmass-sales for permissions ["cloudfunctions.functions.create","cloudfunctions.functions.delete","cloudfunctions.functions.get","cloudfunctions.functions.list","cloudfunctions.functions.update","cloudfunctions.operations.get","firebase.projects.get"]
[debug] [2025-11-13T04:57:50.433Z] Checked if tokens are valid: true, expires at: 1763013225035
[debug] [2025-11-13T04:57:50.434Z] Checked if tokens are valid: true, expires at: 1763013225035
[debug] [2025-11-13T04:57:50.435Z] >>> [apiv2][query] POST https://cloudresourcemanager.googleapis.com/v1/projects/cmass-sales:testIamPermissions [none]
[debug] [2025-11-13T04:57:50.435Z] >>> [apiv2][(partial)header] POST https://cloudresourcemanager.googleapis.com/v1/projects/cmass-sales:testIamPermissions x-goog-quota-user=projects/cmass-sales
[debug] [2025-11-13T04:57:50.436Z] >>> [apiv2][body] POST https://cloudresourcemanager.googleapis.com/v1/projects/cmass-sales:testIamPermissions {"permissions":["cloudfunctions.functions.create","cloudfunctions.functions.delete","cloudfunctions.functions.get","cloudfunctions.functions.list","cloudfunctions.functions.update","cloudfunctions.operations.get","firebase.projects.get"]}
[debug] [2025-11-13T04:57:50.725Z] <<< [apiv2][status] POST https://cloudresourcemanager.googleapis.com/v1/projects/cmass-sales:testIamPermissions 200
[debug] [2025-11-13T04:57:50.725Z] <<< [apiv2][body] POST https://cloudresourcemanager.googleapis.com/v1/projects/cmass-sales:testIamPermissions {"permissions":["cloudfunctions.functions.create","cloudfunctions.functions.delete","cloudfunctions.functions.get","cloudfunctions.functions.list","cloudfunctions.functions.update","cloudfunctions.operations.get","firebase.projects.get"]}
[debug] [2025-11-13T04:57:50.726Z] Checked if tokens are valid: true, expires at: 1763013225035
[debug] [2025-11-13T04:57:50.727Z] Checked if tokens are valid: true, expires at: 1763013225035
[debug] [2025-11-13T04:57:50.727Z] >>> [apiv2][query] POST https://iam.googleapis.com/v1/projects/cmass-sales/serviceAccounts/cmass-sales@appspot.gserviceaccount.com:testIamPermissions [none]
[debug] [2025-11-13T04:57:50.727Z] >>> [apiv2][body] POST https://iam.googleapis.com/v1/projects/cmass-sales/serviceAccounts/cmass-sales@appspot.gserviceaccount.com:testIamPermissions {"permissions":["iam.serviceAccounts.actAs"]}
[debug] [2025-11-13T04:57:51.779Z] <<< [apiv2][status] POST https://iam.googleapis.com/v1/projects/cmass-sales/serviceAccounts/cmass-sales@appspot.gserviceaccount.com:testIamPermissions 200
[debug] [2025-11-13T04:57:51.779Z] <<< [apiv2][body] POST https://iam.googleapis.com/v1/projects/cmass-sales/serviceAccounts/cmass-sales@appspot.gserviceaccount.com:testIamPermissions {"permissions":["iam.serviceAccounts.actAs"]}
[info] 
[info] === Deploying to 'cmass-sales'...
[info] 
[info] i  deploying functions 
[debug] [2025-11-13T04:57:51.784Z] Checked if tokens are valid: true, expires at: 1763013225035
[debug] [2025-11-13T04:57:51.784Z] Checked if tokens are valid: true, expires at: 1763013225035
[debug] [2025-11-13T04:57:51.785Z] >>> [apiv2][query] GET https://cloudresourcemanager.googleapis.com/v1/projects/cmass-sales [none]
[debug] [2025-11-13T04:57:52.011Z] <<< [apiv2][status] GET https://cloudresourcemanager.googleapis.com/v1/projects/cmass-sales 200
[debug] [2025-11-13T04:57:52.012Z] <<< [apiv2][body] GET https://cloudresourcemanager.googleapis.com/v1/projects/cmass-sales {"projectNumber":"918981476485","projectId":"cmass-sales","lifecycleState":"ACTIVE","name":"CMASS-SALES","labels":{"firebase":"enabled","firebase-core":"disabled"},"createTime":"2025-10-20T07:58:28.430370Z"}
[info] i  functions: preparing codebase default for deployment 
[info] i  functions: ensuring required API cloudfunctions.googleapis.com is enabled... 
[info] i  functions: ensuring required API cloudbuild.googleapis.com is enabled... 
[info] i  artifactregistry: ensuring required API artifactregistry.googleapis.com is enabled... 
[debug] [2025-11-13T04:57:52.016Z] Checked if tokens are valid: true, expires at: 1763013225035
[debug] [2025-11-13T04:57:52.017Z] Checked if tokens are valid: true, expires at: 1763013225035
[debug] [2025-11-13T04:57:52.017Z] >>> [apiv2][query] GET https://firebase.googleapis.com/v1beta1/projects/cmass-sales/adminSdkConfig [none]
[debug] [2025-11-13T04:57:52.476Z] <<< [apiv2][status] GET https://firebase.googleapis.com/v1beta1/projects/cmass-sales/adminSdkConfig 200
[debug] [2025-11-13T04:57:52.476Z] <<< [apiv2][body] GET https://firebase.googleapis.com/v1beta1/projects/cmass-sales/adminSdkConfig {"projectId":"cmass-sales","storageBucket":"cmass-sales.firebasestorage.app"}
[debug] [2025-11-13T04:57:52.477Z] Checked if tokens are valid: true, expires at: 1763013225035
[debug] [2025-11-13T04:57:52.477Z] Checked if tokens are valid: true, expires at: 1763013225035
[debug] [2025-11-13T04:57:52.478Z] >>> [apiv2][query] GET https://runtimeconfig.googleapis.com/v1beta1/projects/cmass-sales/configs [none]
[debug] [2025-11-13T04:57:52.993Z] <<< [apiv2][status] GET https://runtimeconfig.googleapis.com/v1beta1/projects/cmass-sales/configs 200
[debug] [2025-11-13T04:57:52.993Z] <<< [apiv2][body] GET https://runtimeconfig.googleapis.com/v1beta1/projects/cmass-sales/configs {}
[debug] [2025-11-13T04:57:52.996Z] Validating nodejs source
[warn] !  functions: package.json indicates an outdated version of firebase-functions. Please upgrade using npm install --save firebase-functions@latest in your functions directory. 
[warn] !  functions: Please note that there will be breaking changes when you upgrade. 
[debug] [2025-11-13T04:57:54.028Z] > [functions] package.json contents: {
  "name": "cmass-sales-functions",
  "version": "1.0.0",
  "description": "Cloud Functions for CMASS-SALES",
  "main": "index.js",
  "private": true,
  "scripts": {
    "lint": "eslint .",
    "serve": "firebase emulators:start --only functions",
    "start": "firebase functions:shell",
    "deploy": "firebase deploy --only functions"
  },
  "engines": {
    "node": "20"
  },
  "dependencies": {
    "cors": "^2.8.5",
    "express": "^4.18.2",
    "firebase-admin": "^13.6.0",
    "firebase-functions": "^3.24.1"
  },
  "keywords": [],
  "author": "",
  "license": "ISC",
  "type": "commonjs"
}
[debug] [2025-11-13T04:57:54.029Z] Building nodejs source
[info] i  functions: Loading and analyzing source code for codebase default to determine what to deploy 
[info] i  functions: You are using a version of firebase-functions SDK (3.24.1) that does not have support for the newest Firebase Extensions features. Please update firebase-functions SDK to >=5.1.0 to use them correctly 
[debug] [2025-11-13T04:57:54.031Z] Could not find functions.yaml. Must use http discovery
[debug] [2025-11-13T04:57:54.040Z] Found firebase-functions binary at 'C:\Users\PC\OneDrive\cmass-sales-system\CMASS_SalesLog\functions\node_modules\.bin\firebase-functions'
[info] Serving at port 8804

[debug] [2025-11-13T04:57:54.640Z] Got response from /__/functions.yaml {"endpoints":{"api":{"platform":"gcfv1","timeoutSeconds":540,"region":["asia-northeast3"],"availableMemoryMb":512,"httpsTrigger":{},"entryPoint":"api"}},"specVersion":"v1alpha1","requiredAPIs":[]}
[info] shutdown requested via /__/quitquitquit

[info] i  functions: preparing functions directory for uploading... 
[info] i  functions: packaged C:\Users\PC\OneDrive\cmass-sales-system\CMASS_SalesLog\functions (47.14 KB) for uploading 
[debug] [2025-11-13T04:57:58.725Z] Checked if tokens are valid: true, expires at: 1763013225035
[debug] [2025-11-13T04:57:58.725Z] Checked if tokens are valid: true, expires at: 1763013225035
[debug] [2025-11-13T04:57:58.726Z] >>> [apiv2][query] GET https://cloudfunctions.googleapis.com/v1/projects/cmass-sales/locations/-/functions [none]
[debug] [2025-11-13T04:57:59.664Z] <<< [apiv2][status] GET https://cloudfunctions.googleapis.com/v1/projects/cmass-sales/locations/-/functions 200
[debug] [2025-11-13T04:57:59.664Z] <<< [apiv2][body] GET https://cloudfunctions.googleapis.com/v1/projects/cmass-sales/locations/-/functions {"functions":[{"name":"projects/cmass-sales/locations/asia-northeast3/functions/api","httpsTrigger":{"url":"https://asia-northeast3-cmass-sales.cloudfunctions.net/api","securityLevel":"SECURE_ALWAYS"},"status":"ACTIVE","entryPoint":"api","timeout":"540s","availableMemoryMb":512,"serviceAccountEmail":"cmass-sales@appspot.gserviceaccount.com","updateTime":"2025-11-06T12:51:08.114Z","versionId":"44","labels":{"deployment-tool":"cli-firebase","firebase-functions-hash":"112960716cbcb03c1dc251f80454f6e40825c985"},"sourceUploadUrl":"https://storage.googleapis.com/uploads-867907651011.asia-northeast3.cloudfunctions.appspot.com/1821faf3-4f6c-4eba-92c5-cc842a9ff574.zip","environmentVariables":{"FIREBASE_CONFIG":"{\"projectId\":\"cmass-sales\",\"storageBucket\":\"cmass-sales.firebasestorage.app\"}","GCLOUD_PROJECT":"cmass-sales","EVENTARC_CLOUD_EVENT_SOURCE":"projects/cmass-sales/locations/asia-northeast3/functions/api"},"runtime":"nodejs20","ingressSettings":"ALLOW_ALL","buildId":"6d3bb0da-8ee5-4807-8b3e-c4ad92b24dfd","buildEnvironmentVariables":{"GOOGLE_NODE_RUN_SCRIPTS":""},"buildName":"projects/918981476485/locations/asia-northeast3/builds/6d3bb0da-8ee5-4807-8b3e-c4ad92b24dfd","dockerRegistry":"ARTIFACT_REGISTRY","automaticUpdatePolicy":{},"buildServiceAccount":"projects/cmass-sales/serviceAccounts/918981476485-compute@developer.gserviceaccount.com","satisfiesPzs":true,"satisfiesPzi":true}]}
[debug] [2025-11-13T04:57:59.666Z] Checked if tokens are valid: true, expires at: 1763013225035
[debug] [2025-11-13T04:57:59.666Z] Checked if tokens are valid: true, expires at: 1763013225035
[debug] [2025-11-13T04:57:59.667Z] >>> [apiv2][query] GET https://cloudfunctions.googleapis.com/v2/projects/cmass-sales/locations/-/functions filter=environment%3D%22GEN_2%22
[debug] [2025-11-13T04:58:00.960Z] <<< [apiv2][status] GET https://cloudfunctions.googleapis.com/v2/projects/cmass-sales/locations/-/functions 200
[debug] [2025-11-13T04:58:00.961Z] <<< [apiv2][body] GET https://cloudfunctions.googleapis.com/v2/projects/cmass-sales/locations/-/functions {}
[debug] [2025-11-13T04:58:00.966Z] Checked if tokens are valid: true, expires at: 1763013225035
[debug] [2025-11-13T04:58:00.966Z] Checked if tokens are valid: true, expires at: 1763013225035
[debug] [2025-11-13T04:58:00.967Z] >>> [apiv2][query] GET https://cloudresourcemanager.googleapis.com/v1/projects/cmass-sales [none]
[debug] [2025-11-13T04:58:01.268Z] <<< [apiv2][status] GET https://cloudresourcemanager.googleapis.com/v1/projects/cmass-sales 200
[debug] [2025-11-13T04:58:01.268Z] <<< [apiv2][body] GET https://cloudresourcemanager.googleapis.com/v1/projects/cmass-sales {"projectNumber":"918981476485","projectId":"cmass-sales","lifecycleState":"ACTIVE","name":"CMASS-SALES","labels":{"firebase":"enabled","firebase-core":"disabled"},"createTime":"2025-10-20T07:58:28.430370Z"}
[debug] [2025-11-13T04:58:01.271Z] Checked if tokens are valid: true, expires at: 1763013225035
[debug] [2025-11-13T04:58:01.271Z] Checked if tokens are valid: true, expires at: 1763013225035
[debug] [2025-11-13T04:58:01.272Z] >>> [apiv2][query] POST https://cloudfunctions.googleapis.com/v1/projects/cmass-sales/locations/asia-northeast3/functions:generateUploadUrl [none]
[debug] [2025-11-13T04:58:01.272Z] >>> [apiv2][body] POST https://cloudfunctions.googleapis.com/v1/projects/cmass-sales/locations/asia-northeast3/functions:generateUploadUrl {}
[debug] [2025-11-13T04:58:02.665Z] <<< [apiv2][status] POST https://cloudfunctions.googleapis.com/v1/projects/cmass-sales/locations/asia-northeast3/functions:generateUploadUrl 200
[debug] [2025-11-13T04:58:02.666Z] <<< [apiv2][body] POST https://cloudfunctions.googleapis.com/v1/projects/cmass-sales/locations/asia-northeast3/functions:generateUploadUrl {"uploadUrl":"https://storage.googleapis.com/uploads-867907651011.asia-northeast3.cloudfunctions.appspot.com/7085852f-a8f5-4e30-b4fa-d71708d6a3fb.zip?GoogleAccessId=service-918981476485@gcf-admin-robot.iam.gserviceaccount.com&Expires=1763011682&Signature=YQyudPZEbCDpu%2B8b5ZEjpFPjKdCKgTuqqva1YbhKcGypNcf0TnlgoxipVDglB6Zbgtmwdmpt2Lx0ZdE1%2F3wW6Lp6aBe8uRmhZnkG4lSxnQ%2F1yVz5wHouPYAA2Dlf7AbBMGd035%2FotnBV4L8JxwBEZe%2FlpgCFK%2FQ3CT51Pi0Qj6NTErI2JfEJ7nReEkdv%2Fx7oB8aQyNYezNeMslq0pKM8ucVqwZADOTG8VzmAM0ui5AdLrawF8GuaMWfDjfuV1s5sAbcX1PloSjpCjPHHGgNtvQPoiqpf1aXfuRCn1NONK1yGhWn%2BZ2fUFTe6L8IygjcDr4%2FFniUaz7brSatN9oLo%2FQ%3D%3D"}
[debug] [2025-11-13T04:58:02.668Z] >>> [apiv2][query] PUT https://storage.googleapis.com/uploads-867907651011.asia-northeast3.cloudfunctions.appspot.com/7085852f-a8f5-4e30-b4fa-d71708d6a3fb.zip GoogleAccessId=service-918981476485%40gcf-admin-robot.iam.gserviceaccount.com&Expires=1763011682&Signature=YQyudPZEbCDpu%2B8b5ZEjpFPjKdCKgTuqqva1YbhKcGypNcf0TnlgoxipVDglB6Zbgtmwdmpt2Lx0ZdE1%2F3wW6Lp6aBe8uRmhZnkG4lSxnQ%2F1yVz5wHouPYAA2Dlf7AbBMGd035%2FotnBV4L8JxwBEZe%2FlpgCFK%2FQ3CT51Pi0Qj6NTErI2JfEJ7nReEkdv%2Fx7oB8aQyNYezNeMslq0pKM8ucVqwZADOTG8VzmAM0ui5AdLrawF8GuaMWfDjfuV1s5sAbcX1PloSjpCjPHHGgNtvQPoiqpf1aXfuRCn1NONK1yGhWn%2BZ2fUFTe6L8IygjcDr4%2FFniUaz7brSatN9oLo%2FQ%3D%3D
[debug] [2025-11-13T04:58:02.668Z] >>> [apiv2][body] PUT https://storage.googleapis.com/uploads-867907651011.asia-northeast3.cloudfunctions.appspot.com/7085852f-a8f5-4e30-b4fa-d71708d6a3fb.zip [stream]
[debug] [2025-11-13T04:58:02.856Z] <<< [apiv2][status] PUT https://storage.googleapis.com/uploads-867907651011.asia-northeast3.cloudfunctions.appspot.com/7085852f-a8f5-4e30-b4fa-d71708d6a3fb.zip 200
[debug] [2025-11-13T04:58:02.856Z] <<< [apiv2][body] PUT https://storage.googleapis.com/uploads-867907651011.asia-northeast3.cloudfunctions.appspot.com/7085852f-a8f5-4e30-b4fa-d71708d6a3fb.zip [omitted]
[info] +  functions: functions source uploaded successfully 
[info] i  functions: updating Node.js 20 (1st Gen) function api(asia-northeast3)... 
[debug] [2025-11-13T04:58:02.863Z] Checked if tokens are valid: true, expires at: 1763013225035
[debug] [2025-11-13T04:58:02.863Z] Checked if tokens are valid: true, expires at: 1763013225035
[debug] [2025-11-13T04:58:02.863Z] >>> [apiv2][query] PATCH https://cloudfunctions.googleapis.com/v1/projects/cmass-sales/locations/asia-northeast3/functions/api updateMask=name%2CsourceUploadUrl%2CentryPoint%2Cruntime%2CdockerRegistry%2Clabels%2ChttpsTrigger.securityLevel%2CenvironmentVariables%2CavailableMemoryMb%2Ctimeout%2CsourceToken%2CbuildEnvironmentVariables
[debug] [2025-11-13T04:58:02.864Z] >>> [apiv2][body] PATCH https://cloudfunctions.googleapis.com/v1/projects/cmass-sales/locations/asia-northeast3/functions/api {"name":"projects/cmass-sales/locations/asia-northeast3/functions/api","sourceUploadUrl":"https://storage.googleapis.com/uploads-867907651011.asia-northeast3.cloudfunctions.appspot.com/7085852f-a8f5-4e30-b4fa-d71708d6a3fb.zip?GoogleAccessId=service-918981476485@gcf-admin-robot.iam.gserviceaccount.com&Expires=1763011682&Signature=YQyudPZEbCDpu%2B8b5ZEjpFPjKdCKgTuqqva1YbhKcGypNcf0TnlgoxipVDglB6Zbgtmwdmpt2Lx0ZdE1%2F3wW6Lp6aBe8uRmhZnkG4lSxnQ%2F1yVz5wHouPYAA2Dlf7AbBMGd035%2FotnBV4L8JxwBEZe%2FlpgCFK%2FQ3CT51Pi0Qj6NTErI2JfEJ7nReEkdv%2Fx7oB8aQyNYezNeMslq0pKM8ucVqwZADOTG8VzmAM0ui5AdLrawF8GuaMWfDjfuV1s5sAbcX1PloSjpCjPHHGgNtvQPoiqpf1aXfuRCn1NONK1yGhWn%2BZ2fUFTe6L8IygjcDr4%2FFniUaz7brSatN9oLo%2FQ%3D%3D","entryPoint":"api","runtime":"nodejs20","dockerRegistry":"ARTIFACT_REGISTRY","labels":{"deployment-tool":"cli-firebase","firebase-functions-hash":"0d3f97bc64cdbccf0685fba4db3dde0e1bbda897"},"httpsTrigger":{"securityLevel":"SECURE_ALWAYS"},"environmentVariables":{"FIREBASE_CONFIG":"{\"projectId\":\"cmass-sales\",\"storageBucket\":\"cmass-sales.firebasestorage.app\"}","GCLOUD_PROJECT":"cmass-sales","EVENTARC_CLOUD_EVENT_SOURCE":"projects/cmass-sales/locations/asia-northeast3/functions/api"},"availableMemoryMb":512,"timeout":"540s","buildEnvironmentVariables":{"GOOGLE_NODE_RUN_SCRIPTS":""}}
[debug] [2025-11-13T04:58:03.902Z] <<< [apiv2][status] PATCH https://cloudfunctions.googleapis.com/v1/projects/cmass-sales/locations/asia-northeast3/functions/api 200
[debug] [2025-11-13T04:58:03.902Z] <<< [apiv2][body] PATCH https://cloudfunctions.googleapis.com/v1/projects/cmass-sales/locations/asia-northeast3/functions/api {"name":"operations/Y21hc3Mtc2FsZXMvYXNpYS1ub3J0aGVhc3QzL2FwaS9Rd2dtTWlUVDZPbw","metadata":{"@type":"type.googleapis.com/google.cloud.functions.v1.OperationMetadataV1","target":"projects/cmass-sales/locations/asia-northeast3/functions/api","type":"UPDATE_FUNCTION","request":{"@type":"type.googleapis.com/google.cloud.functions.v1.CloudFunction","name":"projects/cmass-sales/locations/asia-northeast3/functions/api","httpsTrigger":{"url":"https://asia-northeast3-cmass-sales.cloudfunctions.net/api","securityLevel":"SECURE_ALWAYS"},"status":"ACTIVE","entryPoint":"api","timeout":"540s","availableMemoryMb":512,"serviceAccountEmail":"cmass-sales@appspot.gserviceaccount.com","updateTime":"2025-11-06T12:51:08.114Z","versionId":"44","labels":{"deployment-tool":"cli-firebase","firebase-functions-hash":"0d3f97bc64cdbccf0685fba4db3dde0e1bbda897"},"sourceUploadUrl":"https://storage.googleapis.com/uploads-867907651011.asia-northeast3.cloudfunctions.appspot.com/7085852f-a8f5-4e30-b4fa-d71708d6a3fb.zip?GoogleAccessId=service-918981476485@gcf-admin-robot.iam.gserviceaccount.com&Expires=1763011682&Signature=YQyudPZEbCDpu%2B8b5ZEjpFPjKdCKgTuqqva1YbhKcGypNcf0TnlgoxipVDglB6Zbgtmwdmpt2Lx0ZdE1%2F3wW6Lp6aBe8uRmhZnkG4lSxnQ%2F1yVz5wHouPYAA2Dlf7AbBMGd035%2FotnBV4L8JxwBEZe%2FlpgCFK%2FQ3CT51Pi0Qj6NTErI2JfEJ7nReEkdv%2Fx7oB8aQyNYezNeMslq0pKM8ucVqwZADOTG8VzmAM0ui5AdLrawF8GuaMWfDjfuV1s5sAbcX1PloSjpCjPHHGgNtvQPoiqpf1aXfuRCn1NONK1yGhWn%2BZ2fUFTe6L8IygjcDr4%2FFniUaz7brSatN9oLo%2FQ%3D%3D","environmentVariables":{"FIREBASE_CONFIG":"{\"projectId\":\"cmass-sales\",\"storageBucket\":\"cmass-sales.firebasestorage.app\"}","GCLOUD_PROJECT":"cmass-sales","EVENTARC_CLOUD_EVENT_SOURCE":"projects/cmass-sales/locations/asia-northeast3/functions/api"},"runtime":"nodejs20","ingressSettings":"ALLOW_ALL","buildId":"6d3bb0da-8ee5-4807-8b3e-c4ad92b24dfd","buildEnvironmentVariables":{"GOOGLE_NODE_RUN_SCRIPTS":""},"buildName":"projects/918981476485/locations/asia-northeast3/builds/6d3bb0da-8ee5-4807-8b3e-c4ad92b24dfd","dockerRegistry":"ARTIFACT_REGISTRY","automaticUpdatePolicy":{},"buildServiceAccount":"projects/cmass-sales/serviceAccounts/918981476485-compute@developer.gserviceaccount.com"},"versionId":"45","updateTime":"2025-11-13T04:58:04Z"}}
[debug] [2025-11-13T04:58:03.904Z] Checked if tokens are valid: true, expires at: 1763013225035
[debug] [2025-11-13T04:58:03.904Z] Checked if tokens are valid: true, expires at: 1763013225035
[debug] [2025-11-13T04:58:03.905Z] >>> [apiv2][query] GET https://cloudfunctions.googleapis.com/v1/operations/Y21hc3Mtc2FsZXMvYXNpYS1ub3J0aGVhc3QzL2FwaS9Rd2dtTWlUVDZPbw [none]
[debug] [2025-11-13T04:58:04.258Z] <<< [apiv2][status] GET https://cloudfunctions.googleapis.com/v1/operations/Y21hc3Mtc2FsZXMvYXNpYS1ub3J0aGVhc3QzL2FwaS9Rd2dtTWlUVDZPbw 200
[debug] [2025-11-13T04:58:04.259Z] <<< [apiv2][body] GET https://cloudfunctions.googleapis.com/v1/operations/Y21hc3Mtc2FsZXMvYXNpYS1ub3J0aGVhc3QzL2FwaS9Rd2dtTWlUVDZPbw {"name":"operations/Y21hc3Mtc2FsZXMvYXNpYS1ub3J0aGVhc3QzL2FwaS9Rd2dtTWlUVDZPbw","metadata":{"@type":"type.googleapis.com/google.cloud.functions.v1.OperationMetadataV1","target":"projects/cmass-sales/locations/asia-northeast3/functions/api","type":"UPDATE_FUNCTION","request":{"@type":"type.googleapis.com/google.cloud.functions.v1.CloudFunction","name":"projects/cmass-sales/locations/asia-northeast3/functions/api","httpsTrigger":{"url":"https://asia-northeast3-cmass-sales.cloudfunctions.net/api","securityLevel":"SECURE_ALWAYS"},"status":"ACTIVE","entryPoint":"api","timeout":"540s","availableMemoryMb":512,"serviceAccountEmail":"cmass-sales@appspot.gserviceaccount.com","updateTime":"2025-11-06T12:51:08.114Z","versionId":"44","labels":{"deployment-tool":"cli-firebase","firebase-functions-hash":"0d3f97bc64cdbccf0685fba4db3dde0e1bbda897"},"sourceUploadUrl":"https://storage.googleapis.com/uploads-867907651011.asia-northeast3.cloudfunctions.appspot.com/7085852f-a8f5-4e30-b4fa-d71708d6a3fb.zip?GoogleAccessId=service-918981476485@gcf-admin-robot.iam.gserviceaccount.com&Expires=1763011682&Signature=YQyudPZEbCDpu%2B8b5ZEjpFPjKdCKgTuqqva1YbhKcGypNcf0TnlgoxipVDglB6Zbgtmwdmpt2Lx0ZdE1%2F3wW6Lp6aBe8uRmhZnkG4lSxnQ%2F1yVz5wHouPYAA2Dlf7AbBMGd035%2FotnBV4L8JxwBEZe%2FlpgCFK%2FQ3CT51Pi0Qj6NTErI2JfEJ7nReEkdv%2Fx7oB8aQyNYezNeMslq0pKM8ucVqwZADOTG8VzmAM0ui5AdLrawF8GuaMWfDjfuV1s5sAbcX1PloSjpCjPHHGgNtvQPoiqpf1aXfuRCn1NONK1yGhWn%2BZ2fUFTe6L8IygjcDr4%2FFniUaz7brSatN9oLo%2FQ%3D%3D","environmentVariables":{"FIREBASE_CONFIG":"{\"projectId\":\"cmass-sales\",\"storageBucket\":\"cmass-sales.firebasestorage.app\"}","GCLOUD_PROJECT":"cmass-sales","EVENTARC_CLOUD_EVENT_SOURCE":"projects/cmass-sales/locations/asia-northeast3/functions/api"},"runtime":"nodejs20","ingressSettings":"ALLOW_ALL","buildId":"6d3bb0da-8ee5-4807-8b3e-c4ad92b24dfd","buildEnvironmentVariables":{"GOOGLE_NODE_RUN_SCRIPTS":""},"buildName":"projects/918981476485/locations/asia-northeast3/builds/6d3bb0da-8ee5-4807-8b3e-c4ad92b24dfd","dockerRegistry":"ARTIFACT_REGISTRY","automaticUpdatePolicy":{},"buildServiceAccount":"projects/cmass-sales/serviceAccounts/918981476485-compute@developer.gserviceaccount.com"},"versionId":"45","updateTime":"2025-11-13T04:58:04Z"}}
[debug] [2025-11-13T04:58:04.768Z] [update-default-asia-northeast3-api] Retrying task index 0
[debug] [2025-11-13T04:58:04.769Z] Checked if tokens are valid: true, expires at: 1763013225035
[debug] [2025-11-13T04:58:04.769Z] Checked if tokens are valid: true, expires at: 1763013225035
[debug] [2025-11-13T04:58:04.769Z] >>> [apiv2][query] GET https://cloudfunctions.googleapis.com/v1/operations/Y21hc3Mtc2FsZXMvYXNpYS1ub3J0aGVhc3QzL2FwaS9Rd2dtTWlUVDZPbw [none]
[debug] [2025-11-13T04:58:05.128Z] <<< [apiv2][status] GET https://cloudfunctions.googleapis.com/v1/operations/Y21hc3Mtc2FsZXMvYXNpYS1ub3J0aGVhc3QzL2FwaS9Rd2dtTWlUVDZPbw 200
[debug] [2025-11-13T04:58:05.128Z] <<< [apiv2][body] GET https://cloudfunctions.googleapis.com/v1/operations/Y21hc3Mtc2FsZXMvYXNpYS1ub3J0aGVhc3QzL2FwaS9Rd2dtTWlUVDZPbw {"name":"operations/Y21hc3Mtc2FsZXMvYXNpYS1ub3J0aGVhc3QzL2FwaS9Rd2dtTWlUVDZPbw","metadata":{"@type":"type.googleapis.com/google.cloud.functions.v1.OperationMetadataV1","target":"projects/cmass-sales/locations/asia-northeast3/functions/api","type":"UPDATE_FUNCTION","request":{"@type":"type.googleapis.com/google.cloud.functions.v1.CloudFunction","name":"projects/cmass-sales/locations/asia-northeast3/functions/api","httpsTrigger":{"url":"https://asia-northeast3-cmass-sales.cloudfunctions.net/api","securityLevel":"SECURE_ALWAYS"},"status":"ACTIVE","entryPoint":"api","timeout":"540s","availableMemoryMb":512,"serviceAccountEmail":"cmass-sales@appspot.gserviceaccount.com","updateTime":"2025-11-06T12:51:08.114Z","versionId":"44","labels":{"deployment-tool":"cli-firebase","firebase-functions-hash":"0d3f97bc64cdbccf0685fba4db3dde0e1bbda897"},"sourceUploadUrl":"https://storage.googleapis.com/uploads-867907651011.asia-northeast3.cloudfunctions.appspot.com/7085852f-a8f5-4e30-b4fa-d71708d6a3fb.zip?GoogleAccessId=service-918981476485@gcf-admin-robot.iam.gserviceaccount.com&Expires=1763011682&Signature=YQyudPZEbCDpu%2B8b5ZEjpFPjKdCKgTuqqva1YbhKcGypNcf0TnlgoxipVDglB6Zbgtmwdmpt2Lx0ZdE1%2F3wW6Lp6aBe8uRmhZnkG4lSxnQ%2F1yVz5wHouPYAA2Dlf7AbBMGd035%2FotnBV4L8JxwBEZe%2FlpgCFK%2FQ3CT51Pi0Qj6NTErI2JfEJ7nReEkdv%2Fx7oB8aQyNYezNeMslq0pKM8ucVqwZADOTG8VzmAM0ui5AdLrawF8GuaMWfDjfuV1s5sAbcX1PloSjpCjPHHGgNtvQPoiqpf1aXfuRCn1NONK1yGhWn%2BZ2fUFTe6L8IygjcDr4%2FFniUaz7brSatN9oLo%2FQ%3D%3D","environmentVariables":{"FIREBASE_CONFIG":"{\"projectId\":\"cmass-sales\",\"storageBucket\":\"cmass-sales.firebasestorage.app\"}","GCLOUD_PROJECT":"cmass-sales","EVENTARC_CLOUD_EVENT_SOURCE":"projects/cmass-sales/locations/asia-northeast3/functions/api"},"runtime":"nodejs20","ingressSettings":"ALLOW_ALL","buildId":"6d3bb0da-8ee5-4807-8b3e-c4ad92b24dfd","buildEnvironmentVariables":{"GOOGLE_NODE_RUN_SCRIPTS":""},"buildName":"projects/918981476485/locations/asia-northeast3/builds/6d3bb0da-8ee5-4807-8b3e-c4ad92b24dfd","dockerRegistry":"ARTIFACT_REGISTRY","automaticUpdatePolicy":{},"buildServiceAccount":"projects/cmass-sales/serviceAccounts/918981476485-compute@developer.gserviceaccount.com"},"versionId":"45","updateTime":"2025-11-13T04:58:05Z"}}
[debug] [2025-11-13T04:58:06.132Z] [update-default-asia-northeast3-api] Retrying task index 0
[debug] [2025-11-13T04:58:06.133Z] Checked if tokens are valid: true, expires at: 1763013225035
[debug] [2025-11-13T04:58:06.133Z] Checked if tokens are valid: true, expires at: 1763013225035
[debug] [2025-11-13T04:58:06.133Z] >>> [apiv2][query] GET https://cloudfunctions.googleapis.com/v1/operations/Y21hc3Mtc2FsZXMvYXNpYS1ub3J0aGVhc3QzL2FwaS9Rd2dtTWlUVDZPbw [none]
[debug] [2025-11-13T04:58:06.477Z] <<< [apiv2][status] GET https://cloudfunctions.googleapis.com/v1/operations/Y21hc3Mtc2FsZXMvYXNpYS1ub3J0aGVhc3QzL2FwaS9Rd2dtTWlUVDZPbw 200
[debug] [2025-11-13T04:58:06.478Z] <<< [apiv2][body] GET https://cloudfunctions.googleapis.com/v1/operations/Y21hc3Mtc2FsZXMvYXNpYS1ub3J0aGVhc3QzL2FwaS9Rd2dtTWlUVDZPbw {"name":"operations/Y21hc3Mtc2FsZXMvYXNpYS1ub3J0aGVhc3QzL2FwaS9Rd2dtTWlUVDZPbw","metadata":{"@type":"type.googleapis.com/google.cloud.functions.v1.OperationMetadataV1","target":"projects/cmass-sales/locations/asia-northeast3/functions/api","type":"UPDATE_FUNCTION","request":{"@type":"type.googleapis.com/google.cloud.functions.v1.CloudFunction","name":"projects/cmass-sales/locations/asia-northeast3/functions/api","httpsTrigger":{"url":"https://asia-northeast3-cmass-sales.cloudfunctions.net/api","securityLevel":"SECURE_ALWAYS"},"status":"ACTIVE","entryPoint":"api","timeout":"540s","availableMemoryMb":512,"serviceAccountEmail":"cmass-sales@appspot.gserviceaccount.com","updateTime":"2025-11-06T12:51:08.114Z","versionId":"44","labels":{"deployment-tool":"cli-firebase","firebase-functions-hash":"0d3f97bc64cdbccf0685fba4db3dde0e1bbda897"},"sourceUploadUrl":"https://storage.googleapis.com/uploads-867907651011.asia-northeast3.cloudfunctions.appspot.com/7085852f-a8f5-4e30-b4fa-d71708d6a3fb.zip?GoogleAccessId=service-918981476485@gcf-admin-robot.iam.gserviceaccount.com&Expires=1763011682&Signature=YQyudPZEbCDpu%2B8b5ZEjpFPjKdCKgTuqqva1YbhKcGypNcf0TnlgoxipVDglB6Zbgtmwdmpt2Lx0ZdE1%2F3wW6Lp6aBe8uRmhZnkG4lSxnQ%2F1yVz5wHouPYAA2Dlf7AbBMGd035%2FotnBV4L8JxwBEZe%2FlpgCFK%2FQ3CT51Pi0Qj6NTErI2JfEJ7nReEkdv%2Fx7oB8aQyNYezNeMslq0pKM8ucVqwZADOTG8VzmAM0ui5AdLrawF8GuaMWfDjfuV1s5sAbcX1PloSjpCjPHHGgNtvQPoiqpf1aXfuRCn1NONK1yGhWn%2BZ2fUFTe6L8IygjcDr4%2FFniUaz7brSatN9oLo%2FQ%3D%3D","environmentVariables":{"FIREBASE_CONFIG":"{\"projectId\":\"cmass-sales\",\"storageBucket\":\"cmass-sales.firebasestorage.app\"}","GCLOUD_PROJECT":"cmass-sales","EVENTARC_CLOUD_EVENT_SOURCE":"projects/cmass-sales/locations/asia-northeast3/functions/api"},"runtime":"nodejs20","ingressSettings":"ALLOW_ALL","buildId":"6d3bb0da-8ee5-4807-8b3e-c4ad92b24dfd","buildEnvironmentVariables":{"GOOGLE_NODE_RUN_SCRIPTS":""},"buildName":"projects/918981476485/locations/asia-northeast3/builds/6d3bb0da-8ee5-4807-8b3e-c4ad92b24dfd","dockerRegistry":"ARTIFACT_REGISTRY","automaticUpdatePolicy":{},"buildServiceAccount":"projects/cmass-sales/serviceAccounts/918981476485-compute@developer.gserviceaccount.com"},"versionId":"45","updateTime":"2025-11-13T04:58:05Z","buildId":"bbf33a4d-72e1-4861-8c2c-094b2f0c212e","buildName":"projects/918981476485/locations/asia-northeast3/builds/bbf33a4d-72e1-4861-8c2c-094b2f0c212e"}}
[debug] [2025-11-13T04:58:08.481Z] [update-default-asia-northeast3-api] Retrying task index 0
[debug] [2025-11-13T04:58:08.482Z] Checked if tokens are valid: true, expires at: 1763013225035
[debug] [2025-11-13T04:58:08.482Z] Checked if tokens are valid: true, expires at: 1763013225035
[debug] [2025-11-13T04:58:08.482Z] >>> [apiv2][query] GET https://cloudfunctions.googleapis.com/v1/operations/Y21hc3Mtc2FsZXMvYXNpYS1ub3J0aGVhc3QzL2FwaS9Rd2dtTWlUVDZPbw [none]
[debug] [2025-11-13T04:58:08.872Z] <<< [apiv2][status] GET https://cloudfunctions.googleapis.com/v1/operations/Y21hc3Mtc2FsZXMvYXNpYS1ub3J0aGVhc3QzL2FwaS9Rd2dtTWlUVDZPbw 200
[debug] [2025-11-13T04:58:08.872Z] <<< [apiv2][body] GET https://cloudfunctions.googleapis.com/v1/operations/Y21hc3Mtc2FsZXMvYXNpYS1ub3J0aGVhc3QzL2FwaS9Rd2dtTWlUVDZPbw {"name":"operations/Y21hc3Mtc2FsZXMvYXNpYS1ub3J0aGVhc3QzL2FwaS9Rd2dtTWlUVDZPbw","metadata":{"@type":"type.googleapis.com/google.cloud.functions.v1.OperationMetadataV1","target":"projects/cmass-sales/locations/asia-northeast3/functions/api","type":"UPDATE_FUNCTION","request":{"@type":"type.googleapis.com/google.cloud.functions.v1.CloudFunction","name":"projects/cmass-sales/locations/asia-northeast3/functions/api","httpsTrigger":{"url":"https://asia-northeast3-cmass-sales.cloudfunctions.net/api","securityLevel":"SECURE_ALWAYS"},"status":"ACTIVE","entryPoint":"api","timeout":"540s","availableMemoryMb":512,"serviceAccountEmail":"cmass-sales@appspot.gserviceaccount.com","updateTime":"2025-11-06T12:51:08.114Z","versionId":"44","labels":{"deployment-tool":"cli-firebase","firebase-functions-hash":"0d3f97bc64cdbccf0685fba4db3dde0e1bbda897"},"sourceUploadUrl":"https://storage.googleapis.com/uploads-867907651011.asia-northeast3.cloudfunctions.appspot.com/7085852f-a8f5-4e30-b4fa-d71708d6a3fb.zip?GoogleAccessId=service-918981476485@gcf-admin-robot.iam.gserviceaccount.com&Expires=1763011682&Signature=YQyudPZEbCDpu%2B8b5ZEjpFPjKdCKgTuqqva1YbhKcGypNcf0TnlgoxipVDglB6Zbgtmwdmpt2Lx0ZdE1%2F3wW6Lp6aBe8uRmhZnkG4lSxnQ%2F1yVz5wHouPYAA2Dlf7AbBMGd035%2FotnBV4L8JxwBEZe%2FlpgCFK%2FQ3CT51Pi0Qj6NTErI2JfEJ7nReEkdv%2Fx7oB8aQyNYezNeMslq0pKM8ucVqwZADOTG8VzmAM0ui5AdLrawF8GuaMWfDjfuV1s5sAbcX1PloSjpCjPHHGgNtvQPoiqpf1aXfuRCn1NONK1yGhWn%2BZ2fUFTe6L8IygjcDr4%2FFniUaz7brSatN9oLo%2FQ%3D%3D","environmentVariables":{"FIREBASE_CONFIG":"{\"projectId\":\"cmass-sales\",\"storageBucket\":\"cmass-sales.firebasestorage.app\"}","GCLOUD_PROJECT":"cmass-sales","EVENTARC_CLOUD_EVENT_SOURCE":"projects/cmass-sales/locations/asia-northeast3/functions/api"},"runtime":"nodejs20","ingressSettings":"ALLOW_ALL","buildId":"6d3bb0da-8ee5-4807-8b3e-c4ad92b24dfd","buildEnvironmentVariables":{"GOOGLE_NODE_RUN_SCRIPTS":""},"buildName":"projects/918981476485/locations/asia-northeast3/builds/6d3bb0da-8ee5-4807-8b3e-c4ad92b24dfd","dockerRegistry":"ARTIFACT_REGISTRY","automaticUpdatePolicy":{},"buildServiceAccount":"projects/cmass-sales/serviceAccounts/918981476485-compute@developer.gserviceaccount.com"},"versionId":"45","updateTime":"2025-11-13T04:58:05Z","buildId":"bbf33a4d-72e1-4861-8c2c-094b2f0c212e","buildName":"projects/918981476485/locations/asia-northeast3/builds/bbf33a4d-72e1-4861-8c2c-094b2f0c212e"}}
[debug] [2025-11-13T04:58:12.875Z] [update-default-asia-northeast3-api] Retrying task index 0
[debug] [2025-11-13T04:58:12.876Z] Checked if tokens are valid: true, expires at: 1763013225035
[debug] [2025-11-13T04:58:12.877Z] Checked if tokens are valid: true, expires at: 1763013225035
[debug] [2025-11-13T04:58:12.877Z] >>> [apiv2][query] GET https://cloudfunctions.googleapis.com/v1/operations/Y21hc3Mtc2FsZXMvYXNpYS1ub3J0aGVhc3QzL2FwaS9Rd2dtTWlUVDZPbw [none]
[debug] [2025-11-13T04:58:13.240Z] <<< [apiv2][status] GET https://cloudfunctions.googleapis.com/v1/operations/Y21hc3Mtc2FsZXMvYXNpYS1ub3J0aGVhc3QzL2FwaS9Rd2dtTWlUVDZPbw 200
[debug] [2025-11-13T04:58:13.241Z] <<< [apiv2][body] GET https://cloudfunctions.googleapis.com/v1/operations/Y21hc3Mtc2FsZXMvYXNpYS1ub3J0aGVhc3QzL2FwaS9Rd2dtTWlUVDZPbw {"name":"operations/Y21hc3Mtc2FsZXMvYXNpYS1ub3J0aGVhc3QzL2FwaS9Rd2dtTWlUVDZPbw","metadata":{"@type":"type.googleapis.com/google.cloud.functions.v1.OperationMetadataV1","target":"projects/cmass-sales/locations/asia-northeast3/functions/api","type":"UPDATE_FUNCTION","request":{"@type":"type.googleapis.com/google.cloud.functions.v1.CloudFunction","name":"projects/cmass-sales/locations/asia-northeast3/functions/api","httpsTrigger":{"url":"https://asia-northeast3-cmass-sales.cloudfunctions.net/api","securityLevel":"SECURE_ALWAYS"},"status":"ACTIVE","entryPoint":"api","timeout":"540s","availableMemoryMb":512,"serviceAccountEmail":"cmass-sales@appspot.gserviceaccount.com","updateTime":"2025-11-06T12:51:08.114Z","versionId":"44","labels":{"deployment-tool":"cli-firebase","firebase-functions-hash":"0d3f97bc64cdbccf0685fba4db3dde0e1bbda897"},"sourceUploadUrl":"https://storage.googleapis.com/uploads-867907651011.asia-northeast3.cloudfunctions.appspot.com/7085852f-a8f5-4e30-b4fa-d71708d6a3fb.zip?GoogleAccessId=service-918981476485@gcf-admin-robot.iam.gserviceaccount.com&Expires=1763011682&Signature=YQyudPZEbCDpu%2B8b5ZEjpFPjKdCKgTuqqva1YbhKcGypNcf0TnlgoxipVDglB6Zbgtmwdmpt2Lx0ZdE1%2F3wW6Lp6aBe8uRmhZnkG4lSxnQ%2F1yVz5wHouPYAA2Dlf7AbBMGd035%2FotnBV4L8JxwBEZe%2FlpgCFK%2FQ3CT51Pi0Qj6NTErI2JfEJ7nReEkdv%2Fx7oB8aQyNYezNeMslq0pKM8ucVqwZADOTG8VzmAM0ui5AdLrawF8GuaMWfDjfuV1s5sAbcX1PloSjpCjPHHGgNtvQPoiqpf1aXfuRCn1NONK1yGhWn%2BZ2fUFTe6L8IygjcDr4%2FFniUaz7brSatN9oLo%2FQ%3D%3D","environmentVariables":{"FIREBASE_CONFIG":"{\"projectId\":\"cmass-sales\",\"storageBucket\":\"cmass-sales.firebasestorage.app\"}","GCLOUD_PROJECT":"cmass-sales","EVENTARC_CLOUD_EVENT_SOURCE":"projects/cmass-sales/locations/asia-northeast3/functions/api"},"runtime":"nodejs20","ingressSettings":"ALLOW_ALL","buildId":"6d3bb0da-8ee5-4807-8b3e-c4ad92b24dfd","buildEnvironmentVariables":{"GOOGLE_NODE_RUN_SCRIPTS":""},"buildName":"projects/918981476485/locations/asia-northeast3/builds/6d3bb0da-8ee5-4807-8b3e-c4ad92b24dfd","dockerRegistry":"ARTIFACT_REGISTRY","automaticUpdatePolicy":{},"buildServiceAccount":"projects/cmass-sales/serviceAccounts/918981476485-compute@developer.gserviceaccount.com"},"versionId":"45","updateTime":"2025-11-13T04:58:05Z","buildId":"bbf33a4d-72e1-4861-8c2c-094b2f0c212e","buildName":"projects/918981476485/locations/asia-northeast3/builds/bbf33a4d-72e1-4861-8c2c-094b2f0c212e"}}
[debug] [2025-11-13T04:58:21.253Z] [update-default-asia-northeast3-api] Retrying task index 0
[debug] [2025-11-13T04:58:21.254Z] Checked if tokens are valid: true, expires at: 1763013225035
[debug] [2025-11-13T04:58:21.254Z] Checked if tokens are valid: true, expires at: 1763013225035
[debug] [2025-11-13T04:58:21.255Z] >>> [apiv2][query] GET https://cloudfunctions.googleapis.com/v1/operations/Y21hc3Mtc2FsZXMvYXNpYS1ub3J0aGVhc3QzL2FwaS9Rd2dtTWlUVDZPbw [none]
[debug] [2025-11-13T04:58:21.738Z] <<< [apiv2][status] GET https://cloudfunctions.googleapis.com/v1/operations/Y21hc3Mtc2FsZXMvYXNpYS1ub3J0aGVhc3QzL2FwaS9Rd2dtTWlUVDZPbw 200
[debug] [2025-11-13T04:58:21.739Z] <<< [apiv2][body] GET https://cloudfunctions.googleapis.com/v1/operations/Y21hc3Mtc2FsZXMvYXNpYS1ub3J0aGVhc3QzL2FwaS9Rd2dtTWlUVDZPbw {"name":"operations/Y21hc3Mtc2FsZXMvYXNpYS1ub3J0aGVhc3QzL2FwaS9Rd2dtTWlUVDZPbw","metadata":{"@type":"type.googleapis.com/google.cloud.functions.v1.OperationMetadataV1","target":"projects/cmass-sales/locations/asia-northeast3/functions/api","type":"UPDATE_FUNCTION","request":{"@type":"type.googleapis.com/google.cloud.functions.v1.CloudFunction","name":"projects/cmass-sales/locations/asia-northeast3/functions/api","httpsTrigger":{"url":"https://asia-northeast3-cmass-sales.cloudfunctions.net/api","securityLevel":"SECURE_ALWAYS"},"status":"ACTIVE","entryPoint":"api","timeout":"540s","availableMemoryMb":512,"serviceAccountEmail":"cmass-sales@appspot.gserviceaccount.com","updateTime":"2025-11-06T12:51:08.114Z","versionId":"44","labels":{"deployment-tool":"cli-firebase","firebase-functions-hash":"0d3f97bc64cdbccf0685fba4db3dde0e1bbda897"},"sourceUploadUrl":"https://storage.googleapis.com/uploads-867907651011.asia-northeast3.cloudfunctions.appspot.com/7085852f-a8f5-4e30-b4fa-d71708d6a3fb.zip?GoogleAccessId=service-918981476485@gcf-admin-robot.iam.gserviceaccount.com&Expires=1763011682&Signature=YQyudPZEbCDpu%2B8b5ZEjpFPjKdCKgTuqqva1YbhKcGypNcf0TnlgoxipVDglB6Zbgtmwdmpt2Lx0ZdE1%2F3wW6Lp6aBe8uRmhZnkG4lSxnQ%2F1yVz5wHouPYAA2Dlf7AbBMGd035%2FotnBV4L8JxwBEZe%2FlpgCFK%2FQ3CT51Pi0Qj6NTErI2JfEJ7nReEkdv%2Fx7oB8aQyNYezNeMslq0pKM8ucVqwZADOTG8VzmAM0ui5AdLrawF8GuaMWfDjfuV1s5sAbcX1PloSjpCjPHHGgNtvQPoiqpf1aXfuRCn1NONK1yGhWn%2BZ2fUFTe6L8IygjcDr4%2FFniUaz7brSatN9oLo%2FQ%3D%3D","environmentVariables":{"FIREBASE_CONFIG":"{\"projectId\":\"cmass-sales\",\"storageBucket\":\"cmass-sales.firebasestorage.app\"}","GCLOUD_PROJECT":"cmass-sales","EVENTARC_CLOUD_EVENT_SOURCE":"projects/cmass-sales/locations/asia-northeast3/functions/api"},"runtime":"nodejs20","ingressSettings":"ALLOW_ALL","buildId":"6d3bb0da-8ee5-4807-8b3e-c4ad92b24dfd","buildEnvironmentVariables":{"GOOGLE_NODE_RUN_SCRIPTS":""},"buildName":"projects/918981476485/locations/asia-northeast3/builds/6d3bb0da-8ee5-4807-8b3e-c4ad92b24dfd","dockerRegistry":"ARTIFACT_REGISTRY","automaticUpdatePolicy":{},"buildServiceAccount":"projects/cmass-sales/serviceAccounts/918981476485-compute@developer.gserviceaccount.com"},"versionId":"45","updateTime":"2025-11-13T04:58:05Z","buildId":"bbf33a4d-72e1-4861-8c2c-094b2f0c212e","buildName":"projects/918981476485/locations/asia-northeast3/builds/bbf33a4d-72e1-4861-8c2c-094b2f0c212e"}}
[debug] [2025-11-13T04:58:31.747Z] [update-default-asia-northeast3-api] Retrying task index 0
[debug] [2025-11-13T04:58:31.748Z] Checked if tokens are valid: true, expires at: 1763013225035
[debug] [2025-11-13T04:58:31.748Z] Checked if tokens are valid: true, expires at: 1763013225035
[debug] [2025-11-13T04:58:31.748Z] >>> [apiv2][query] GET https://cloudfunctions.googleapis.com/v1/operations/Y21hc3Mtc2FsZXMvYXNpYS1ub3J0aGVhc3QzL2FwaS9Rd2dtTWlUVDZPbw [none]
[debug] [2025-11-13T04:58:32.236Z] <<< [apiv2][status] GET https://cloudfunctions.googleapis.com/v1/operations/Y21hc3Mtc2FsZXMvYXNpYS1ub3J0aGVhc3QzL2FwaS9Rd2dtTWlUVDZPbw 200
[debug] [2025-11-13T04:58:32.237Z] <<< [apiv2][body] GET https://cloudfunctions.googleapis.com/v1/operations/Y21hc3Mtc2FsZXMvYXNpYS1ub3J0aGVhc3QzL2FwaS9Rd2dtTWlUVDZPbw {"name":"operations/Y21hc3Mtc2FsZXMvYXNpYS1ub3J0aGVhc3QzL2FwaS9Rd2dtTWlUVDZPbw","metadata":{"@type":"type.googleapis.com/google.cloud.functions.v1.OperationMetadataV1","target":"projects/cmass-sales/locations/asia-northeast3/functions/api","type":"UPDATE_FUNCTION","request":{"@type":"type.googleapis.com/google.cloud.functions.v1.CloudFunction","name":"projects/cmass-sales/locations/asia-northeast3/functions/api","httpsTrigger":{"url":"https://asia-northeast3-cmass-sales.cloudfunctions.net/api","securityLevel":"SECURE_ALWAYS"},"status":"ACTIVE","entryPoint":"api","timeout":"540s","availableMemoryMb":512,"serviceAccountEmail":"cmass-sales@appspot.gserviceaccount.com","updateTime":"2025-11-06T12:51:08.114Z","versionId":"44","labels":{"deployment-tool":"cli-firebase","firebase-functions-hash":"0d3f97bc64cdbccf0685fba4db3dde0e1bbda897"},"sourceUploadUrl":"https://storage.googleapis.com/uploads-867907651011.asia-northeast3.cloudfunctions.appspot.com/7085852f-a8f5-4e30-b4fa-d71708d6a3fb.zip?GoogleAccessId=service-918981476485@gcf-admin-robot.iam.gserviceaccount.com&Expires=1763011682&Signature=YQyudPZEbCDpu%2B8b5ZEjpFPjKdCKgTuqqva1YbhKcGypNcf0TnlgoxipVDglB6Zbgtmwdmpt2Lx0ZdE1%2F3wW6Lp6aBe8uRmhZnkG4lSxnQ%2F1yVz5wHouPYAA2Dlf7AbBMGd035%2FotnBV4L8JxwBEZe%2FlpgCFK%2FQ3CT51Pi0Qj6NTErI2JfEJ7nReEkdv%2Fx7oB8aQyNYezNeMslq0pKM8ucVqwZADOTG8VzmAM0ui5AdLrawF8GuaMWfDjfuV1s5sAbcX1PloSjpCjPHHGgNtvQPoiqpf1aXfuRCn1NONK1yGhWn%2BZ2fUFTe6L8IygjcDr4%2FFniUaz7brSatN9oLo%2FQ%3D%3D","environmentVariables":{"FIREBASE_CONFIG":"{\"projectId\":\"cmass-sales\",\"storageBucket\":\"cmass-sales.firebasestorage.app\"}","GCLOUD_PROJECT":"cmass-sales","EVENTARC_CLOUD_EVENT_SOURCE":"projects/cmass-sales/locations/asia-northeast3/functions/api"},"runtime":"nodejs20","ingressSettings":"ALLOW_ALL","buildId":"6d3bb0da-8ee5-4807-8b3e-c4ad92b24dfd","buildEnvironmentVariables":{"GOOGLE_NODE_RUN_SCRIPTS":""},"buildName":"projects/918981476485/locations/asia-northeast3/builds/6d3bb0da-8ee5-4807-8b3e-c4ad92b24dfd","dockerRegistry":"ARTIFACT_REGISTRY","automaticUpdatePolicy":{},"buildServiceAccount":"projects/cmass-sales/serviceAccounts/918981476485-compute@developer.gserviceaccount.com"},"versionId":"45","updateTime":"2025-11-13T04:58:05Z","buildId":"bbf33a4d-72e1-4861-8c2c-094b2f0c212e","buildName":"projects/918981476485/locations/asia-northeast3/builds/bbf33a4d-72e1-4861-8c2c-094b2f0c212e"}}
[debug] [2025-11-13T04:58:42.238Z] [update-default-asia-northeast3-api] Retrying task index 0
[debug] [2025-11-13T04:58:42.239Z] Checked if tokens are valid: true, expires at: 1763013225035
[debug] [2025-11-13T04:58:42.239Z] Checked if tokens are valid: true, expires at: 1763013225035
[debug] [2025-11-13T04:58:42.239Z] >>> [apiv2][query] GET https://cloudfunctions.googleapis.com/v1/operations/Y21hc3Mtc2FsZXMvYXNpYS1ub3J0aGVhc3QzL2FwaS9Rd2dtTWlUVDZPbw [none]
[debug] [2025-11-13T04:58:42.728Z] <<< [apiv2][status] GET https://cloudfunctions.googleapis.com/v1/operations/Y21hc3Mtc2FsZXMvYXNpYS1ub3J0aGVhc3QzL2FwaS9Rd2dtTWlUVDZPbw 200
[debug] [2025-11-13T04:58:42.729Z] <<< [apiv2][body] GET https://cloudfunctions.googleapis.com/v1/operations/Y21hc3Mtc2FsZXMvYXNpYS1ub3J0aGVhc3QzL2FwaS9Rd2dtTWlUVDZPbw {"name":"operations/Y21hc3Mtc2FsZXMvYXNpYS1ub3J0aGVhc3QzL2FwaS9Rd2dtTWlUVDZPbw","metadata":{"@type":"type.googleapis.com/google.cloud.functions.v1.OperationMetadataV1","target":"projects/cmass-sales/locations/asia-northeast3/functions/api","type":"UPDATE_FUNCTION","request":{"@type":"type.googleapis.com/google.cloud.functions.v1.CloudFunction","name":"projects/cmass-sales/locations/asia-northeast3/functions/api","httpsTrigger":{"url":"https://asia-northeast3-cmass-sales.cloudfunctions.net/api","securityLevel":"SECURE_ALWAYS"},"status":"ACTIVE","entryPoint":"api","timeout":"540s","availableMemoryMb":512,"serviceAccountEmail":"cmass-sales@appspot.gserviceaccount.com","updateTime":"2025-11-06T12:51:08.114Z","versionId":"44","labels":{"deployment-tool":"cli-firebase","firebase-functions-hash":"0d3f97bc64cdbccf0685fba4db3dde0e1bbda897"},"sourceUploadUrl":"https://storage.googleapis.com/uploads-867907651011.asia-northeast3.cloudfunctions.appspot.com/7085852f-a8f5-4e30-b4fa-d71708d6a3fb.zip?GoogleAccessId=service-918981476485@gcf-admin-robot.iam.gserviceaccount.com&Expires=1763011682&Signature=YQyudPZEbCDpu%2B8b5ZEjpFPjKdCKgTuqqva1YbhKcGypNcf0TnlgoxipVDglB6Zbgtmwdmpt2Lx0ZdE1%2F3wW6Lp6aBe8uRmhZnkG4lSxnQ%2F1yVz5wHouPYAA2Dlf7AbBMGd035%2FotnBV4L8JxwBEZe%2FlpgCFK%2FQ3CT51Pi0Qj6NTErI2JfEJ7nReEkdv%2Fx7oB8aQyNYezNeMslq0pKM8ucVqwZADOTG8VzmAM0ui5AdLrawF8GuaMWfDjfuV1s5sAbcX1PloSjpCjPHHGgNtvQPoiqpf1aXfuRCn1NONK1yGhWn%2BZ2fUFTe6L8IygjcDr4%2FFniUaz7brSatN9oLo%2FQ%3D%3D","environmentVariables":{"FIREBASE_CONFIG":"{\"projectId\":\"cmass-sales\",\"storageBucket\":\"cmass-sales.firebasestorage.app\"}","GCLOUD_PROJECT":"cmass-sales","EVENTARC_CLOUD_EVENT_SOURCE":"projects/cmass-sales/locations/asia-northeast3/functions/api"},"runtime":"nodejs20","ingressSettings":"ALLOW_ALL","buildId":"6d3bb0da-8ee5-4807-8b3e-c4ad92b24dfd","buildEnvironmentVariables":{"GOOGLE_NODE_RUN_SCRIPTS":""},"buildName":"projects/918981476485/locations/asia-northeast3/builds/6d3bb0da-8ee5-4807-8b3e-c4ad92b24dfd","dockerRegistry":"ARTIFACT_REGISTRY","automaticUpdatePolicy":{},"buildServiceAccount":"projects/cmass-sales/serviceAccounts/918981476485-compute@developer.gserviceaccount.com"},"versionId":"45","updateTime":"2025-11-13T04:58:41Z","buildId":"bbf33a4d-72e1-4861-8c2c-094b2f0c212e","buildName":"projects/918981476485/locations/asia-northeast3/builds/bbf33a4d-72e1-4861-8c2c-094b2f0c212e"},"done":true,"error":{"code":3,"message":"Build failed: npm error code ERESOLVE\nnpm error ERESOLVE could not resolve\nnpm error\nnpm error While resolving: firebase-functions@3.24.1\nnpm error Found: firebase-admin@13.6.0\nnpm error node_modules/firebase-admin\nnpm error   firebase-admin@\"^13.6.0\" from the root project\nnpm error\nnpm error Could not resolve dependency:\nnpm error peer firebase-admin@\"^8.0.0 || ^9.0.0 || ^10.0.0 || ^11.0.0\" from firebase-functions@3.24.1\nnpm error node_modules/firebase-functions\nnpm error   firebase-functions@\"^3.24.1\" from the root project\nnpm error\nnpm error Conflicting peer dependency: firebase-admin@11.11.1\nnpm error node_modules/firebase-admin\nnpm error   peer firebase-admin@\"^8.0.0 || ^9.0.0 || ^10.0.0 || ^11.0.0\" from firebase-functions@3.24.1\nnpm error   node_modules/firebase-functions\nnpm error     firebase-functions@\"^3.24.1\" from the root project\nnpm error\nnpm error Fix the upstream dependency conflict, or retry\nnpm error this command with --force or --legacy-peer-deps\nnpm error to accept an incorrect (and potentially broken) dependency resolution.\nnpm error\nnpm error\nnpm error For a full report see:\nnpm error /www-data-home/.npm/_logs/2025-11-13T04_58_27_039Z-eresolve-report.txt\nnpm error A complete log of this run can be found in: /www-data-home/.npm/_logs/2025-11-13T04_58_27_039Z-debug-0.log; Error ID: 7fa33aaa"}}
[debug] [2025-11-13T04:58:42.730Z] Got source token undefined for region asia-northeast3
[error] Build failed: npm error code ERESOLVE
npm error ERESOLVE could not resolve
npm error
npm error While resolving: firebase-functions@3.24.1
npm error Found: firebase-admin@13.6.0
npm error node_modules/firebase-admin
npm error   firebase-admin@"^13.6.0" from the root project
npm error
npm error Could not resolve dependency:
npm error peer firebase-admin@"^8.0.0 || ^9.0.0 || ^10.0.0 || ^11.0.0" from firebase-functions@3.24.1
npm error node_modules/firebase-functions
npm error   firebase-functions@"^3.24.1" from the root project
npm error
npm error Conflicting peer dependency: firebase-admin@11.11.1
npm error node_modules/firebase-admin
npm error   peer firebase-admin@"^8.0.0 || ^9.0.0 || ^10.0.0 || ^11.0.0" from firebase-functions@3.24.1
npm error   node_modules/firebase-functions
npm error     firebase-functions@"^3.24.1" from the root project
npm error
npm error Fix the upstream dependency conflict, or retry
npm error this command with --force or --legacy-peer-deps
npm error to accept an incorrect (and potentially broken) dependency resolution.
npm error
npm error
npm error For a full report see:
npm error /www-data-home/.npm/_logs/2025-11-13T04_58_27_039Z-eresolve-report.txt
npm error A complete log of this run can be found in: /www-data-home/.npm/_logs/2025-11-13T04_58_27_039Z-debug-0.log; Error ID: 7fa33aaa
[debug] [2025-11-13T04:58:42.739Z] Total Function Deployment time: 39872
[debug] [2025-11-13T04:58:42.740Z] 1 Functions Deployed
[debug] [2025-11-13T04:58:42.740Z] 1 Functions Errored
[debug] [2025-11-13T04:58:42.740Z] 0 Function Deployments Aborted
[debug] [2025-11-13T04:58:42.741Z] Average Function Deployment time: 39871
[info] 
[info] Functions deploy had errors with the following functions:
	api(asia-northeast3)
[debug] [2025-11-13T04:58:42.970Z] Not printing URL for HTTPS function. Typically this means it didn't match a filter or we failed deployment
[debug] [2025-11-13T04:58:42.970Z] Checked if tokens are valid: true, expires at: 1763013225035
[debug] [2025-11-13T04:58:42.971Z] Checked if tokens are valid: true, expires at: 1763013225035
[debug] [2025-11-13T04:58:42.971Z] >>> [apiv2][query] GET https://artifactregistry.googleapis.com/v1/projects/cmass-sales/locations/asia-northeast3/repositories/gcf-artifacts [none]
[debug] [2025-11-13T04:58:43.473Z] <<< [apiv2][status] GET https://artifactregistry.googleapis.com/v1/projects/cmass-sales/locations/asia-northeast3/repositories/gcf-artifacts 200
[debug] [2025-11-13T04:58:43.474Z] <<< [apiv2][body] GET https://artifactregistry.googleapis.com/v1/projects/cmass-sales/locations/asia-northeast3/repositories/gcf-artifacts {"name":"projects/cmass-sales/locations/asia-northeast3/repositories/gcf-artifacts","format":"DOCKER","description":"This repository is created and used by Cloud Functions for storing function docker images.","labels":{"goog-managed-by":"cloudfunctions"},"createTime":"2025-10-27T08:18:13.310608Z","updateTime":"2025-11-13T04:58:41.783613Z","mode":"STANDARD_REPOSITORY","cleanupPolicies":{"firebase-functions-cleanup":{"id":"firebase-functions-cleanup","action":"DELETE","condition":{"tagState":"ANY","olderThan":"2592000s"}}},"sizeBytes":"889262909","satisfiesPzs":true,"vulnerabilityScanningConfig":{"lastEnableTime":"2025-10-27T08:18:04.743077304Z","enablementState":"SCANNING_DISABLED","enablementStateReason":"API containerscanning.googleapis.com is not enabled."},"satisfiesPzi":true,"registryUri":"asia-northeast3-docker.pkg.dev/cmass-sales/gcf-artifacts"}
[debug] [2025-11-13T04:58:43.475Z] Functions deploy failed.
[debug] [2025-11-13T04:58:43.475Z] {
  "endpoint": {
    "id": "api",
    "project": "cmass-sales",
    "region": "asia-northeast3",
    "entryPoint": "api",
    "platform": "gcfv1",
    "runtime": "nodejs20",
    "httpsTrigger": {},
    "availableMemoryMb": 512,
    "timeoutSeconds": 540,
    "environmentVariables": {
      "FIREBASE_CONFIG": "{\"projectId\":\"cmass-sales\",\"storageBucket\":\"cmass-sales.firebasestorage.app\"}",
      "GCLOUD_PROJECT": "cmass-sales",
      "EVENTARC_CLOUD_EVENT_SOURCE": "projects/cmass-sales/locations/asia-northeast3/functions/api"
    },
    "codebase": "default",
    "securityLevel": "SECURE_ALWAYS",
    "targetedByOnly": true,
    "hash": "0d3f97bc64cdbccf0685fba4db3dde0e1bbda897",
    "labels": {
      "deployment-tool": "cli-firebase"
    }
  },
  "op": "update",
  "original": {
    "name": "FirebaseError",
    "children": [],
    "exit": 1,
    "message": "Build failed: npm error code ERESOLVE\nnpm error ERESOLVE could not resolve\nnpm error\nnpm error While resolving: firebase-functions@3.24.1\nnpm error Found: firebase-admin@13.6.0\nnpm error node_modules/firebase-admin\nnpm error   firebase-admin@\"^13.6.0\" from the root project\nnpm error\nnpm error Could not resolve dependency:\nnpm error peer firebase-admin@\"^8.0.0 || ^9.0.0 || ^10.0.0 || ^11.0.0\" from firebase-functions@3.24.1\nnpm error node_modules/firebase-functions\nnpm error   firebase-functions@\"^3.24.1\" from the root project\nnpm error\nnpm error Conflicting peer dependency: firebase-admin@11.11.1\nnpm error node_modules/firebase-admin\nnpm error   peer firebase-admin@\"^8.0.0 || ^9.0.0 || ^10.0.0 || ^11.0.0\" from firebase-functions@3.24.1\nnpm error   node_modules/firebase-functions\nnpm error     firebase-functions@\"^3.24.1\" from the root project\nnpm error\nnpm error Fix the upstream dependency conflict, or retry\nnpm error this command with --force or --legacy-peer-deps\nnpm error to accept an incorrect (and potentially broken) dependency resolution.\nnpm error\nnpm error\nnpm error For a full report see:\nnpm error /www-data-home/.npm/_logs/2025-11-13T04_58_27_039Z-eresolve-report.txt\nnpm error A complete log of this run can be found in: /www-data-home/.npm/_logs/2025-11-13T04_58_27_039Z-debug-0.log; Error ID: 7fa33aaa",
    "original": {
      "code": 3,
      "message": "Build failed: npm error code ERESOLVE\nnpm error ERESOLVE could not resolve\nnpm error\nnpm error While resolving: firebase-functions@3.24.1\nnpm error Found: firebase-admin@13.6.0\nnpm error node_modules/firebase-admin\nnpm error   firebase-admin@\"^13.6.0\" from the root project\nnpm error\nnpm error Could not resolve dependency:\nnpm error peer firebase-admin@\"^8.0.0 || ^9.0.0 || ^10.0.0 || ^11.0.0\" from firebase-functions@3.24.1\nnpm error node_modules/firebase-functions\nnpm error   firebase-functions@\"^3.24.1\" from the root project\nnpm error\nnpm error Conflicting peer dependency: firebase-admin@11.11.1\nnpm error node_modules/firebase-admin\nnpm error   peer firebase-admin@\"^8.0.0 || ^9.0.0 || ^10.0.0 || ^11.0.0\" from firebase-functions@3.24.1\nnpm error   node_modules/firebase-functions\nnpm error     firebase-functions@\"^3.24.1\" from the root project\nnpm error\nnpm error Fix the upstream dependency conflict, or retry\nnpm error this command with --force or --legacy-peer-deps\nnpm error to accept an incorrect (and potentially broken) dependency resolution.\nnpm error\nnpm error\nnpm error For a full report see:\nnpm error /www-data-home/.npm/_logs/2025-11-13T04_58_27_039Z-eresolve-report.txt\nnpm error A complete log of this run can be found in: /www-data-home/.npm/_logs/2025-11-13T04_58_27_039Z-debug-0.log; Error ID: 7fa33aaa"
    },
    "status": 3,
    "code": 3
  }
}
[debug] [2025-11-13T04:58:43.556Z] Error: Failed to update function api in region asia-northeast3
    at C:\Users\PC\AppData\Roaming\npm\node_modules\firebase-tools\lib\deploy\functions\release\fabricator.js:52:11
    at process.processTicksAndRejections (node:internal/process/task_queues:105:5)
    at async Fabricator.updateV1Function (C:\Users\PC\AppData\Roaming\npm\node_modules\firebase-tools\lib\deploy\functions\release\fabricator.js:364:32)
    at async Fabricator.updateEndpoint (C:\Users\PC\AppData\Roaming\npm\node_modules\firebase-tools\lib\deploy\functions\release\fabricator.js:157:13)
    at async handle (C:\Users\PC\AppData\Roaming\npm\node_modules\firebase-tools\lib\deploy\functions\release\fabricator.js:89:17)
[error] 
[error] Error: There was an error deploying functions
[debug] [2025-11-13T05:00:14.717Z] ----------------------------------------------------------------------
[debug] [2025-11-13T05:00:14.720Z] Command:       C:\Program Files\nodejs\node.exe C:\Users\PC\AppData\Roaming\npm\node_modules\firebase-tools\lib\bin\firebase.js emulators:start --only functions
[debug] [2025-11-13T05:00:14.721Z] CLI Version:   14.24.1
[debug] [2025-11-13T05:00:14.721Z] Platform:      win32
[debug] [2025-11-13T05:00:14.721Z] Node Version:  v24.11.0
[debug] [2025-11-13T05:00:14.721Z] Time:          Thu Nov 13 2025 14:00:14 GMT+0900 (대한민국 표준시)
[debug] [2025-11-13T05:00:14.721Z] ----------------------------------------------------------------------
[debug] 
[debug] [2025-11-13T05:00:14.883Z] > command requires scopes: ["email","openid","https://www.googleapis.com/auth/cloudplatformprojects.readonly","https://www.googleapis.com/auth/firebase","https://www.googleapis.com/auth/cloud-platform"]
[debug] [2025-11-13T05:00:14.884Z] > authorizing via signed-in user (122cks@gmail.com)
[info] i  emulators: Starting emulators: functions {"metadata":{"emulator":{"name":"hub"},"message":"Starting emulators: functions"}}
[debug] [2025-11-13T05:00:14.897Z] [logging] Logging Emulator only supports listening on one address (127.0.0.1). Not listening on ::1
[debug] [2025-11-13T05:00:14.897Z] assigned listening specs for emulators {"user":{"hub":[{"address":"127.0.0.1","family":"IPv4","port":4400},{"address":"::1","family":"IPv6","port":4400}],"ui":[{"address":"127.0.0.1","family":"IPv4","port":4000},{"address":"::1","family":"IPv6","port":4000}],"logging":[{"address":"127.0.0.1","family":"IPv4","port":4500}]},"metadata":{"message":"assigned listening specs for emulators"}}
[debug] [2025-11-13T05:00:14.900Z] Emulator locator file path: C:\Users\PC\AppData\Local\Temp\hub-cmass-sales.json
[debug] [2025-11-13T05:00:14.900Z] [hub] writing locator at C:\Users\PC\AppData\Local\Temp\hub-cmass-sales.json
[debug] [2025-11-13T05:00:14.925Z] [functions] Functions Emulator only supports listening on one address (127.0.0.1). Not listening on ::1
[debug] [2025-11-13T05:00:14.925Z] [eventarc] Eventarc Emulator only supports listening on one address (127.0.0.1). Not listening on ::1
[debug] [2025-11-13T05:00:14.925Z] [tasks] Cloud Tasks Emulator only supports listening on one address (127.0.0.1). Not listening on ::1
[debug] [2025-11-13T05:00:14.925Z] late-assigned ports for functions and eventarc emulators {"user":{"hub":[{"address":"127.0.0.1","family":"IPv4","port":4400},{"address":"::1","family":"IPv6","port":4400}],"ui":[{"address":"127.0.0.1","family":"IPv4","port":4000},{"address":"::1","family":"IPv6","port":4000}],"logging":[{"address":"127.0.0.1","family":"IPv4","port":4500}],"functions":[{"address":"127.0.0.1","family":"IPv4","port":5001}],"eventarc":[{"address":"127.0.0.1","family":"IPv4","port":9299}],"tasks":[{"address":"127.0.0.1","family":"IPv4","port":9499}]},"metadata":{"message":"late-assigned ports for functions and eventarc emulators"}}
[warn] !  functions: The following emulators are not running, calls to these services from the Functions emulator will affect production: apphosting, auth, firestore, database, hosting, pubsub, storage, dataconnect {"metadata":{"emulator":{"name":"functions"},"message":"The following emulators are not running, calls to these services from the Functions emulator will affect production: \u001b[1mapphosting, auth, firestore, database, hosting, pubsub, storage, dataconnect\u001b[22m"}}
[warn] !  functions: Application Default Credentials detected. Non-emulated services will access production using these credentials. Be careful! {"metadata":{"emulator":{"name":"functions"},"message":"Application Default Credentials detected. Non-emulated services will access production using these credentials. Be careful!"}}
[debug] [2025-11-13T05:00:14.935Z] Checked if tokens are valid: true, expires at: 1763013225035
[debug] [2025-11-13T05:00:14.935Z] Checked if tokens are valid: true, expires at: 1763013225035
[debug] [2025-11-13T05:00:14.937Z] >>> [apiv2][query] GET https://firebase.googleapis.com/v1beta1/projects/cmass-sales/adminSdkConfig [none]
[debug] [2025-11-13T05:00:15.400Z] <<< [apiv2][status] GET https://firebase.googleapis.com/v1beta1/projects/cmass-sales/adminSdkConfig 200
[debug] [2025-11-13T05:00:15.400Z] <<< [apiv2][body] GET https://firebase.googleapis.com/v1beta1/projects/cmass-sales/adminSdkConfig {"projectId":"cmass-sales","storageBucket":"cmass-sales.firebasestorage.app"}
[info] i  ui: downloading ui-v1.15.0.zip... {"metadata":{"emulator":{"name":"ui"},"message":"downloading ui-v1.15.0.zip..."}}
[debug] [2025-11-13T05:00:15.442Z] >>> [apiv2][query] GET https://storage.googleapis.com/firebase-preview-drop/emulator/ui-v1.15.0.zip 
[debug] [2025-11-13T05:00:15.719Z] <<< [apiv2][status] GET https://storage.googleapis.com/firebase-preview-drop/emulator/ui-v1.15.0.zip 200
[debug] [2025-11-13T05:00:15.719Z] <<< [apiv2][body] GET https://storage.googleapis.com/firebase-preview-drop/emulator/ui-v1.15.0.zip [stream]
[debug] [2025-11-13T05:00:16.018Z] Data is 3538469
[debug] [2025-11-13T05:00:16.018Z] [unzip] Entry: client/ (compressed_size=0 bytes, uncompressed_size=0 bytes)
[debug] [2025-11-13T05:00:16.018Z] [unzip] Processing entry: client\
[debug] [2025-11-13T05:00:16.018Z] [unzip] mkdir: C:\Users\PC\.cache\firebase\emulators\ui-v1.15.0\client\
[debug] [2025-11-13T05:00:16.020Z] [unzip] Entry: client/favicon-16x16.png (compressed_size=293 bytes, uncompressed_size=293 bytes)
[debug] [2025-11-13T05:00:16.020Z] [unzip] Processing entry: client\favicon-16x16.png
[debug] [2025-11-13T05:00:16.020Z] [unzip] else mkdir: C:\Users\PC\.cache\firebase\emulators\ui-v1.15.0\client
[debug] [2025-11-13T05:00:16.021Z] [unzip] Writing file: C:\Users\PC\.cache\firebase\emulators\ui-v1.15.0\client\favicon-16x16.png
[debug] [2025-11-13T05:00:16.023Z] [unzip] Entry: client/safari-pinned-tab.svg (compressed_size=1433 bytes, uncompressed_size=2611 bytes)
[debug] [2025-11-13T05:00:16.023Z] [unzip] Processing entry: client\safari-pinned-tab.svg
[debug] [2025-11-13T05:00:16.023Z] [unzip] else mkdir: C:\Users\PC\.cache\firebase\emulators\ui-v1.15.0\client
[debug] [2025-11-13T05:00:16.023Z] [unzip] deflating: C:\Users\PC\.cache\firebase\emulators\ui-v1.15.0\client\safari-pinned-tab.svg
[debug] [2025-11-13T05:00:16.028Z] [unzip] Entry: client/favicon.ico (compressed_size=2933 bytes, uncompressed_size=13294 bytes)
[debug] [2025-11-13T05:00:16.028Z] [unzip] Processing entry: client\favicon.ico
[debug] [2025-11-13T05:00:16.028Z] [unzip] else mkdir: C:\Users\PC\.cache\firebase\emulators\ui-v1.15.0\client
[debug] [2025-11-13T05:00:16.028Z] [unzip] deflating: C:\Users\PC\.cache\firebase\emulators\ui-v1.15.0\client\favicon.ico
[debug] [2025-11-13T05:00:16.030Z] [unzip] Entry: client/index.html (compressed_size=1364 bytes, uncompressed_size=3071 bytes)
[debug] [2025-11-13T05:00:16.030Z] [unzip] Processing entry: client\index.html
[debug] [2025-11-13T05:00:16.031Z] [unzip] else mkdir: C:\Users\PC\.cache\firebase\emulators\ui-v1.15.0\client
[debug] [2025-11-13T05:00:16.031Z] [unzip] deflating: C:\Users\PC\.cache\firebase\emulators\ui-v1.15.0\client\index.html
[debug] [2025-11-13T05:00:16.042Z] [unzip] Entry: client/android-chrome-192x192.png (compressed_size=2684 bytes, uncompressed_size=2684 bytes)
[debug] [2025-11-13T05:00:16.042Z] [unzip] Processing entry: client\android-chrome-192x192.png
[debug] [2025-11-13T05:00:16.042Z] [unzip] else mkdir: C:\Users\PC\.cache\firebase\emulators\ui-v1.15.0\client
[debug] [2025-11-13T05:00:16.043Z] [unzip] Writing file: C:\Users\PC\.cache\firebase\emulators\ui-v1.15.0\client\android-chrome-192x192.png
[debug] [2025-11-13T05:00:16.044Z] [unzip] Entry: client/apple-touch-icon.png (compressed_size=2123 bytes, uncompressed_size=2152 bytes)
[debug] [2025-11-13T05:00:16.044Z] [unzip] Processing entry: client\apple-touch-icon.png
[debug] [2025-11-13T05:00:16.044Z] [unzip] else mkdir: C:\Users\PC\.cache\firebase\emulators\ui-v1.15.0\client
[debug] [2025-11-13T05:00:16.044Z] [unzip] deflating: C:\Users\PC\.cache\firebase\emulators\ui-v1.15.0\client\apple-touch-icon.png
[debug] [2025-11-13T05:00:16.046Z] [unzip] Entry: client/android-chrome-512x512.png (compressed_size=5369 bytes, uncompressed_size=5411 bytes)
[debug] [2025-11-13T05:00:16.046Z] [unzip] Processing entry: client\android-chrome-512x512.png
[debug] [2025-11-13T05:00:16.046Z] [unzip] else mkdir: C:\Users\PC\.cache\firebase\emulators\ui-v1.15.0\client
[debug] [2025-11-13T05:00:16.046Z] [unzip] deflating: C:\Users\PC\.cache\firebase\emulators\ui-v1.15.0\client\android-chrome-512x512.png
[debug] [2025-11-13T05:00:16.048Z] [unzip] Entry: client/manifest.json (compressed_size=245 bytes, uncompressed_size=551 bytes)
[debug] [2025-11-13T05:00:16.048Z] [unzip] Processing entry: client\manifest.json
[debug] [2025-11-13T05:00:16.048Z] [unzip] else mkdir: C:\Users\PC\.cache\firebase\emulators\ui-v1.15.0\client
[debug] [2025-11-13T05:00:16.049Z] [unzip] deflating: C:\Users\PC\.cache\firebase\emulators\ui-v1.15.0\client\manifest.json
[debug] [2025-11-13T05:00:16.050Z] [unzip] Entry: client/robots.txt (compressed_size=26 bytes, uncompressed_size=26 bytes)
[debug] [2025-11-13T05:00:16.050Z] [unzip] Processing entry: client\robots.txt
[debug] [2025-11-13T05:00:16.050Z] [unzip] else mkdir: C:\Users\PC\.cache\firebase\emulators\ui-v1.15.0\client
[debug] [2025-11-13T05:00:16.051Z] [unzip] Writing file: C:\Users\PC\.cache\firebase\emulators\ui-v1.15.0\client\robots.txt
[debug] [2025-11-13T05:00:16.052Z] [unzip] Entry: client/mstile-150x150.png (compressed_size=2034 bytes, uncompressed_size=2034 bytes)
[debug] [2025-11-13T05:00:16.052Z] [unzip] Processing entry: client\mstile-150x150.png
[debug] [2025-11-13T05:00:16.052Z] [unzip] else mkdir: C:\Users\PC\.cache\firebase\emulators\ui-v1.15.0\client
[debug] [2025-11-13T05:00:16.052Z] [unzip] Writing file: C:\Users\PC\.cache\firebase\emulators\ui-v1.15.0\client\mstile-150x150.png
[debug] [2025-11-13T05:00:16.053Z] [unzip] Entry: client/assets/ (compressed_size=0 bytes, uncompressed_size=0 bytes)
[debug] [2025-11-13T05:00:16.053Z] [unzip] Processing entry: client\assets\
[debug] [2025-11-13T05:00:16.053Z] [unzip] mkdir: C:\Users\PC\.cache\firebase\emulators\ui-v1.15.0\client\assets\
[debug] [2025-11-13T05:00:16.054Z] [unzip] Entry: client/assets/index-BX-A56oj.js (compressed_size=582089 bytes, uncompressed_size=2092775 bytes)
[debug] [2025-11-13T05:00:16.054Z] [unzip] Processing entry: client\assets\index-BX-A56oj.js
[debug] [2025-11-13T05:00:16.054Z] [unzip] else mkdir: C:\Users\PC\.cache\firebase\emulators\ui-v1.15.0\client\assets
[debug] [2025-11-13T05:00:16.054Z] [unzip] deflating: C:\Users\PC\.cache\firebase\emulators\ui-v1.15.0\client\assets\index-BX-A56oj.js
[debug] [2025-11-13T05:00:16.075Z] [unzip] Entry: client/assets/index-CjB9C900.css (compressed_size=35979 bytes, uncompressed_size=298654 bytes)
[debug] [2025-11-13T05:00:16.076Z] [unzip] Processing entry: client\assets\index-CjB9C900.css
[debug] [2025-11-13T05:00:16.076Z] [unzip] else mkdir: C:\Users\PC\.cache\firebase\emulators\ui-v1.15.0\client\assets
[debug] [2025-11-13T05:00:16.076Z] [unzip] deflating: C:\Users\PC\.cache\firebase\emulators\ui-v1.15.0\client\assets\index-CjB9C900.css
[debug] [2025-11-13T05:00:16.080Z] [unzip] Entry: client/assets/index-BX-A56oj.js.map (compressed_size=2362482 bytes, uncompressed_size=10036679 bytes)
[debug] [2025-11-13T05:00:16.080Z] [unzip] Processing entry: client\assets\index-BX-A56oj.js.map
[debug] [2025-11-13T05:00:16.081Z] [unzip] else mkdir: C:\Users\PC\.cache\firebase\emulators\ui-v1.15.0\client\assets
[debug] [2025-11-13T05:00:16.081Z] [unzip] deflating: C:\Users\PC\.cache\firebase\emulators\ui-v1.15.0\client\assets\index-BX-A56oj.js.map
[debug] [2025-11-13T05:00:16.159Z] [unzip] Entry: client/assets/extensions/ (compressed_size=0 bytes, uncompressed_size=0 bytes)
[debug] [2025-11-13T05:00:16.159Z] [unzip] Processing entry: client\assets\extensions\
[debug] [2025-11-13T05:00:16.159Z] [unzip] mkdir: C:\Users\PC\.cache\firebase\emulators\ui-v1.15.0\client\assets\extensions\
[debug] [2025-11-13T05:00:16.159Z] [unzip] Entry: client/assets/extensions/default-extension.png (compressed_size=1646 bytes, uncompressed_size=1657 bytes)
[debug] [2025-11-13T05:00:16.160Z] [unzip] Processing entry: client\assets\extensions\default-extension.png
[debug] [2025-11-13T05:00:16.160Z] [unzip] else mkdir: C:\Users\PC\.cache\firebase\emulators\ui-v1.15.0\client\assets\extensions
[debug] [2025-11-13T05:00:16.160Z] [unzip] deflating: C:\Users\PC\.cache\firebase\emulators\ui-v1.15.0\client\assets\extensions\default-extension.png
[debug] [2025-11-13T05:00:16.162Z] [unzip] Entry: client/assets/img/ (compressed_size=0 bytes, uncompressed_size=0 bytes)
[debug] [2025-11-13T05:00:16.162Z] [unzip] Processing entry: client\assets\img\
[debug] [2025-11-13T05:00:16.162Z] [unzip] mkdir: C:\Users\PC\.cache\firebase\emulators\ui-v1.15.0\client\assets\img\
[debug] [2025-11-13T05:00:16.162Z] [unzip] Entry: client/assets/img/database.png (compressed_size=29449 bytes, uncompressed_size=29988 bytes)
[debug] [2025-11-13T05:00:16.163Z] [unzip] Processing entry: client\assets\img\database.png
[debug] [2025-11-13T05:00:16.163Z] [unzip] else mkdir: C:\Users\PC\.cache\firebase\emulators\ui-v1.15.0\client\assets\img
[debug] [2025-11-13T05:00:16.163Z] [unzip] deflating: C:\Users\PC\.cache\firebase\emulators\ui-v1.15.0\client\assets\img\database.png
[debug] [2025-11-13T05:00:16.164Z] [unzip] Entry: client/assets/provider-icons/ (compressed_size=0 bytes, uncompressed_size=0 bytes)
[debug] [2025-11-13T05:00:16.165Z] [unzip] Processing entry: client\assets\provider-icons\
[debug] [2025-11-13T05:00:16.165Z] [unzip] mkdir: C:\Users\PC\.cache\firebase\emulators\ui-v1.15.0\client\assets\provider-icons\
[debug] [2025-11-13T05:00:16.165Z] [unzip] Entry: client/assets/provider-icons/auth_service_saml.svg (compressed_size=575 bytes, uncompressed_size=1226 bytes)
[debug] [2025-11-13T05:00:16.165Z] [unzip] Processing entry: client\assets\provider-icons\auth_service_saml.svg
[debug] [2025-11-13T05:00:16.165Z] [unzip] else mkdir: C:\Users\PC\.cache\firebase\emulators\ui-v1.15.0\client\assets\provider-icons
[debug] [2025-11-13T05:00:16.166Z] [unzip] deflating: C:\Users\PC\.cache\firebase\emulators\ui-v1.15.0\client\assets\provider-icons\auth_service_saml.svg
[debug] [2025-11-13T05:00:16.167Z] [unzip] Entry: client/assets/provider-icons/auth_service_phone.svg (compressed_size=261 bytes, uncompressed_size=414 bytes)
[debug] [2025-11-13T05:00:16.167Z] [unzip] Processing entry: client\assets\provider-icons\auth_service_phone.svg
[debug] [2025-11-13T05:00:16.167Z] [unzip] else mkdir: C:\Users\PC\.cache\firebase\emulators\ui-v1.15.0\client\assets\provider-icons
[debug] [2025-11-13T05:00:16.167Z] [unzip] deflating: C:\Users\PC\.cache\firebase\emulators\ui-v1.15.0\client\assets\provider-icons\auth_service_phone.svg
[debug] [2025-11-13T05:00:16.168Z] [unzip] Entry: client/assets/provider-icons/auth_service_facebook.svg (compressed_size=289 bytes, uncompressed_size=457 bytes)
[debug] [2025-11-13T05:00:16.169Z] [unzip] Processing entry: client\assets\provider-icons\auth_service_facebook.svg
[debug] [2025-11-13T05:00:16.169Z] [unzip] else mkdir: C:\Users\PC\.cache\firebase\emulators\ui-v1.15.0\client\assets\provider-icons
[debug] [2025-11-13T05:00:16.169Z] [unzip] deflating: C:\Users\PC\.cache\firebase\emulators\ui-v1.15.0\client\assets\provider-icons\auth_service_facebook.svg
[debug] [2025-11-13T05:00:16.171Z] [unzip] Entry: client/assets/provider-icons/auth_service_game_center.svg (compressed_size=991 bytes, uncompressed_size=3921 bytes)
[debug] [2025-11-13T05:00:16.171Z] [unzip] Processing entry: client\assets\provider-icons\auth_service_game_center.svg
[debug] [2025-11-13T05:00:16.171Z] [unzip] else mkdir: C:\Users\PC\.cache\firebase\emulators\ui-v1.15.0\client\assets\provider-icons
[debug] [2025-11-13T05:00:16.171Z] [unzip] deflating: C:\Users\PC\.cache\firebase\emulators\ui-v1.15.0\client\assets\provider-icons\auth_service_game_center.svg
[debug] [2025-11-13T05:00:16.173Z] [unzip] Entry: client/assets/provider-icons/auth_service_apple.svg (compressed_size=230 bytes, uncompressed_size=334 bytes)
[debug] [2025-11-13T05:00:16.173Z] [unzip] Processing entry: client\assets\provider-icons\auth_service_apple.svg
[debug] [2025-11-13T05:00:16.173Z] [unzip] else mkdir: C:\Users\PC\.cache\firebase\emulators\ui-v1.15.0\client\assets\provider-icons
[debug] [2025-11-13T05:00:16.174Z] [unzip] deflating: C:\Users\PC\.cache\firebase\emulators\ui-v1.15.0\client\assets\provider-icons\auth_service_apple.svg
[debug] [2025-11-13T05:00:16.175Z] [unzip] Entry: client/assets/provider-icons/auth_service_github.svg (compressed_size=466 bytes, uncompressed_size=838 bytes)
[debug] [2025-11-13T05:00:16.175Z] [unzip] Processing entry: client\assets\provider-icons\auth_service_github.svg
[debug] [2025-11-13T05:00:16.175Z] [unzip] else mkdir: C:\Users\PC\.cache\firebase\emulators\ui-v1.15.0\client\assets\provider-icons
[debug] [2025-11-13T05:00:16.175Z] [unzip] deflating: C:\Users\PC\.cache\firebase\emulators\ui-v1.15.0\client\assets\provider-icons\auth_service_github.svg
[debug] [2025-11-13T05:00:16.176Z] [unzip] Entry: client/assets/provider-icons/auth_service_mslive.svg (compressed_size=203 bytes, uncompressed_size=378 bytes)
[debug] [2025-11-13T05:00:16.176Z] [unzip] Processing entry: client\assets\provider-icons\auth_service_mslive.svg
[debug] [2025-11-13T05:00:16.176Z] [unzip] else mkdir: C:\Users\PC\.cache\firebase\emulators\ui-v1.15.0\client\assets\provider-icons
[debug] [2025-11-13T05:00:16.177Z] [unzip] deflating: C:\Users\PC\.cache\firebase\emulators\ui-v1.15.0\client\assets\provider-icons\auth_service_mslive.svg
[debug] [2025-11-13T05:00:16.178Z] [unzip] Entry: client/assets/provider-icons/auth_service_yahoo.svg (compressed_size=577 bytes, uncompressed_size=1182 bytes)
[debug] [2025-11-13T05:00:16.178Z] [unzip] Processing entry: client\assets\provider-icons\auth_service_yahoo.svg
[debug] [2025-11-13T05:00:16.178Z] [unzip] else mkdir: C:\Users\PC\.cache\firebase\emulators\ui-v1.15.0\client\assets\provider-icons
[debug] [2025-11-13T05:00:16.178Z] [unzip] deflating: C:\Users\PC\.cache\firebase\emulators\ui-v1.15.0\client\assets\provider-icons\auth_service_yahoo.svg
[debug] [2025-11-13T05:00:16.179Z] [unzip] Entry: client/assets/provider-icons/auth_service_twitter.svg (compressed_size=444 bytes, uncompressed_size=751 bytes)
[debug] [2025-11-13T05:00:16.179Z] [unzip] Processing entry: client\assets\provider-icons\auth_service_twitter.svg
[debug] [2025-11-13T05:00:16.179Z] [unzip] else mkdir: C:\Users\PC\.cache\firebase\emulators\ui-v1.15.0\client\assets\provider-icons
[debug] [2025-11-13T05:00:16.179Z] [unzip] deflating: C:\Users\PC\.cache\firebase\emulators\ui-v1.15.0\client\assets\provider-icons\auth_service_twitter.svg
[debug] [2025-11-13T05:00:16.180Z] [unzip] Entry: client/assets/provider-icons/auth_service_play_games.svg (compressed_size=565 bytes, uncompressed_size=1173 bytes)
[debug] [2025-11-13T05:00:16.180Z] [unzip] Processing entry: client\assets\provider-icons\auth_service_play_games.svg
[debug] [2025-11-13T05:00:16.180Z] [unzip] else mkdir: C:\Users\PC\.cache\firebase\emulators\ui-v1.15.0\client\assets\provider-icons
[debug] [2025-11-13T05:00:16.180Z] [unzip] deflating: C:\Users\PC\.cache\firebase\emulators\ui-v1.15.0\client\assets\provider-icons\auth_service_play_games.svg
[debug] [2025-11-13T05:00:16.181Z] [unzip] Entry: client/assets/provider-icons/auth_service_email.svg (compressed_size=228 bytes, uncompressed_size=326 bytes)
[debug] [2025-11-13T05:00:16.181Z] [unzip] Processing entry: client\assets\provider-icons\auth_service_email.svg
[debug] [2025-11-13T05:00:16.181Z] [unzip] else mkdir: C:\Users\PC\.cache\firebase\emulators\ui-v1.15.0\client\assets\provider-icons
[debug] [2025-11-13T05:00:16.181Z] [unzip] deflating: C:\Users\PC\.cache\firebase\emulators\ui-v1.15.0\client\assets\provider-icons\auth_service_email.svg
[debug] [2025-11-13T05:00:16.182Z] [unzip] Entry: client/assets/provider-icons/auth_service_google.svg (compressed_size=409 bytes, uncompressed_size=720 bytes)
[debug] [2025-11-13T05:00:16.182Z] [unzip] Processing entry: client\assets\provider-icons\auth_service_google.svg
[debug] [2025-11-13T05:00:16.182Z] [unzip] else mkdir: C:\Users\PC\.cache\firebase\emulators\ui-v1.15.0\client\assets\provider-icons
[debug] [2025-11-13T05:00:16.183Z] [unzip] deflating: C:\Users\PC\.cache\firebase\emulators\ui-v1.15.0\client\assets\provider-icons\auth_service_google.svg
[debug] [2025-11-13T05:00:16.183Z] [unzip] Entry: client/assets/provider-icons/auth_service_oidc.svg (compressed_size=414 bytes, uncompressed_size=858 bytes)
[debug] [2025-11-13T05:00:16.183Z] [unzip] Processing entry: client\assets\provider-icons\auth_service_oidc.svg
[debug] [2025-11-13T05:00:16.183Z] [unzip] else mkdir: C:\Users\PC\.cache\firebase\emulators\ui-v1.15.0\client\assets\provider-icons
[debug] [2025-11-13T05:00:16.184Z] [unzip] deflating: C:\Users\PC\.cache\firebase\emulators\ui-v1.15.0\client\assets\provider-icons\auth_service_oidc.svg
[debug] [2025-11-13T05:00:16.184Z] [unzip] Entry: client/browserconfig.xml (compressed_size=491 bytes, uncompressed_size=822 bytes)
[debug] [2025-11-13T05:00:16.184Z] [unzip] Processing entry: client\browserconfig.xml
[debug] [2025-11-13T05:00:16.184Z] [unzip] else mkdir: C:\Users\PC\.cache\firebase\emulators\ui-v1.15.0\client
[debug] [2025-11-13T05:00:16.185Z] [unzip] deflating: C:\Users\PC\.cache\firebase\emulators\ui-v1.15.0\client\browserconfig.xml
[debug] [2025-11-13T05:00:16.185Z] [unzip] Entry: client/favicon-32x32.png (compressed_size=475 bytes, uncompressed_size=475 bytes)
[debug] [2025-11-13T05:00:16.185Z] [unzip] Processing entry: client\favicon-32x32.png
[debug] [2025-11-13T05:00:16.185Z] [unzip] else mkdir: C:\Users\PC\.cache\firebase\emulators\ui-v1.15.0\client
[debug] [2025-11-13T05:00:16.186Z] [unzip] Writing file: C:\Users\PC\.cache\firebase\emulators\ui-v1.15.0\client\favicon-32x32.png
[debug] [2025-11-13T05:00:16.186Z] [unzip] Entry: server/ (compressed_size=0 bytes, uncompressed_size=0 bytes)
[debug] [2025-11-13T05:00:16.186Z] [unzip] Processing entry: server\
[debug] [2025-11-13T05:00:16.186Z] [unzip] mkdir: C:\Users\PC\.cache\firebase\emulators\ui-v1.15.0\server\
[debug] [2025-11-13T05:00:16.187Z] [unzip] Entry: server/server.mjs.map (compressed_size=217845 bytes, uncompressed_size=944978 bytes)
[debug] [2025-11-13T05:00:16.187Z] [unzip] Processing entry: server\server.mjs.map
[debug] [2025-11-13T05:00:16.187Z] [unzip] else mkdir: C:\Users\PC\.cache\firebase\emulators\ui-v1.15.0\server
[debug] [2025-11-13T05:00:16.187Z] [unzip] deflating: C:\Users\PC\.cache\firebase\emulators\ui-v1.15.0\server\server.mjs.map
[debug] [2025-11-13T05:00:16.192Z] [unzip] Entry: server/server.mjs (compressed_size=276407 bytes, uncompressed_size=933701 bytes)
[debug] [2025-11-13T05:00:16.192Z] [unzip] Processing entry: server\server.mjs
[debug] [2025-11-13T05:00:16.192Z] [unzip] else mkdir: C:\Users\PC\.cache\firebase\emulators\ui-v1.15.0\server
[debug] [2025-11-13T05:00:16.192Z] [unzip] deflating: C:\Users\PC\.cache\firebase\emulators\ui-v1.15.0\server\server.mjs
[info] i  functions: Watching "C:\Users\PC\OneDrive\cmass-sales-system\CMASS_SalesLog\functions" for Cloud Functions... {"metadata":{"emulator":{"name":"functions"},"message":"Watching \"C:\\Users\\PC\\OneDrive\\cmass-sales-system\\CMASS_SalesLog\\functions\" for Cloud Functions..."}}
[debug] [2025-11-13T05:00:16.210Z] Validating nodejs source
[warn] !  functions: package.json indicates an outdated version of firebase-functions. Please upgrade using npm install --save firebase-functions@latest in your functions directory. 
[warn] !  functions: Please note that there will be breaking changes when you upgrade. 
[debug] [2025-11-13T05:00:17.052Z] > [functions] package.json contents: {
  "name": "cmass-sales-functions",
  "version": "1.0.0",
  "description": "Cloud Functions for CMASS-SALES",
  "main": "index.js",
  "private": true,
  "scripts": {
    "lint": "eslint .",
    "serve": "firebase emulators:start --only functions",
    "start": "firebase functions:shell",
    "deploy": "firebase deploy --only functions"
  },
  "engines": {
    "node": "20"
  },
  "dependencies": {
    "cors": "^2.8.5",
    "express": "^4.18.2",
    "firebase-admin": "^13.6.0",
    "firebase-functions": "^3.24.1"
  },
  "keywords": [],
  "author": "",
  "license": "ISC",
  "type": "commonjs"
}
[debug] [2025-11-13T05:00:17.052Z] Building nodejs source
[debug] [2025-11-13T05:00:17.053Z] Failed to find version of module node: reached end of search path C:\Users\PC\OneDrive\cmass-sales-system\CMASS_SalesLog\functions\node_modules
[warn] !  functions: Your requested "node" version "20" doesn't match your global version "24". Using node@24 from host. 
[info] i  functions: You are using a version of firebase-functions SDK (3.24.1) that does not have support for the newest Firebase Extensions features. Please update firebase-functions SDK to >=5.1.0 to use them correctly 
[debug] [2025-11-13T05:00:17.055Z] Could not find functions.yaml. Must use http discovery
[debug] [2025-11-13T05:00:17.063Z] Found firebase-functions binary at 'C:\Users\PC\OneDrive\cmass-sales-system\CMASS_SalesLog\functions\node_modules\.bin\firebase-functions'
[info] Serving at port 8563

[debug] [2025-11-13T05:00:17.442Z] Got response from /__/functions.yaml {"endpoints":{"api":{"platform":"gcfv1","timeoutSeconds":540,"region":["asia-northeast3"],"availableMemoryMb":512,"httpsTrigger":{},"entryPoint":"api"}},"specVersion":"v1alpha1","requiredAPIs":[]}
[info] shutdown requested via /__/quitquitquit

[info] +  functions: Loaded functions definitions from source: api. {"metadata":{"emulator":{"name":"functions"},"message":"Loaded functions definitions from source: api."}}
[info] +  functions[asia-northeast3-api]: http function initialized (http://127.0.0.1:5001/cmass-sales/asia-northeast3/api). {"metadata":{"emulator":{"name":"functions"},"message":"\u001b[1mhttp\u001b[22m function initialized (http://127.0.0.1:5001/cmass-sales/asia-northeast3/api)."}}
[debug] [2025-11-13T05:00:21.500Z] Could not find VSCode notification endpoint: FetchError: request to http://localhost:40001/vscode/notify failed, reason: . If you are not running the Firebase Data Connect VSCode extension, this is expected and not an issue.
[info] 
┌─────────────────────────────────────────────────────────────┐
│ ✔  All emulators ready! It is now safe to connect your app. │
│ i  View Emulator UI at http://127.0.0.1:4000/               │
└─────────────────────────────────────────────────────────────┘

┌───────────┬────────────────┬─────────────────────────────────┐
│ Emulator  │ Host:Port      │ View in Emulator UI             │
├───────────┼────────────────┼─────────────────────────────────┤
│ Functions │ 127.0.0.1:5001 │ http://127.0.0.1:4000/functions │
└───────────┴────────────────┴─────────────────────────────────┘
  Emulator Hub host: 127.0.0.1 port: 4400
  Other reserved ports: 4500

Issues? Report them at https://github.com/firebase/firebase-tools/issues and attach the *-debug.log files.
 
[debug] [2025-11-13T05:03:16.798Z] Received signal SIGHUP 1
[info]  
[info] i  emulators: Received SIGHUP for the first time. Starting a clean shutdown. 
[info] i  emulators: Please wait for a clean shutdown or send the SIGHUP signal again to stop right now. 
[info] i  emulators: Shutting down emulators. {"metadata":{"emulator":{"name":"hub"},"message":"Shutting down emulators."}}
[info] i  ui: Stopping Emulator UI {"metadata":{"emulator":{"name":"ui"},"message":"Stopping Emulator UI"}}
[info] i  functions: Stopping Functions Emulator {"metadata":{"emulator":{"name":"functions"},"message":"Stopping Functions Emulator"}}
[info] i  eventarc: Stopping Eventarc Emulator {"metadata":{"emulator":{"name":"eventarc"},"message":"Stopping Eventarc Emulator"}}
[info] i  tasks: Stopping Cloud Tasks Emulator {"metadata":{"emulator":{"name":"tasks"},"message":"Stopping Cloud Tasks Emulator"}}
[info] i  hub: Stopping emulator hub {"metadata":{"emulator":{"name":"hub"},"message":"Stopping emulator hub"}}
[debug] [2025-11-13T05:03:16.806Z] Emulator locator file path: C:\Users\PC\AppData\Local\Temp\hub-cmass-sales.json
[info] i  logging: Stopping Logging Emulator {"metadata":{"emulator":{"name":"logging"},"message":"Stopping Logging Emulator"}}
[debug] [2025-11-13T05:03:16.810Z] Could not find VSCode notification endpoint: FetchError: request to http://localhost:40001/vscode/notify failed, reason: . If you are not running the Firebase Data Connect VSCode extension, this is expected and not an issue.
